Archive member included to satisfy reference by file (symbol)

app/libapp.a(main.c.obj)      (--whole-archive)
app/libapp.a(rc_input.c.obj)  (--whole-archive)
app/libapp.a(topic_flatbuffer.c.obj)
                              (--whole-archive)
app/libapp.a(topic_shell.c.obj)
                              (--whole-archive)
app/libapp.a(nxp_flexio_dshot_api.c.obj)
                              (--whole-archive)
app/libapp.a(sitl_flatbuffer.c.obj)
                              (--whole-archive)
app/libapp.a(sitl_dshot.c.obj)
                              (--whole-archive)
app/libapp.a(sitl_imu.c.obj)  (--whole-archive)
app/libapp.a(sitl_rc.c.obj)   (--whole-archive)
app/libapp.a(sitl_udp_coordinator.c.obj)
                              (--whole-archive)
zephyr/libzephyr.a(validate_libc.c.obj)
                              (--whole-archive)
zephyr/libzephyr.a(heap.c.obj)
                              (--whole-archive)
zephyr/libzephyr.a(cbprintf_packaged.c.obj)
                              (--whole-archive)
zephyr/libzephyr.a(clock.c.obj)
                              (--whole-archive)
zephyr/libzephyr.a(printk.c.obj)
                              (--whole-archive)
zephyr/libzephyr.a(sem.c.obj)
                              (--whole-archive)
zephyr/libzephyr.a(thread_entry.c.obj)
                              (--whole-archive)
zephyr/libzephyr.a(cbprintf_complete.c.obj)
                              (--whole-archive)
zephyr/libzephyr.a(cbprintf.c.obj)
                              (--whole-archive)
zephyr/libzephyr.a(assert.c.obj)
                              (--whole-archive)
zephyr/libzephyr.a(mpsc_pbuf.c.obj)
                              (--whole-archive)
zephyr/libzephyr.a(dec.c.obj)
                              (--whole-archive)
zephyr/libzephyr.a(hex.c.obj)
                              (--whole-archive)
zephyr/libzephyr.a(rb.c.obj)  (--whole-archive)
zephyr/libzephyr.a(timeutil.c.obj)
                              (--whole-archive)
zephyr/libzephyr.a(bitarray.c.obj)
                              (--whole-archive)
zephyr/libzephyr.a(bitmask.c.obj)
                              (--whole-archive)
zephyr/libzephyr.a(ring_buffer.c.obj)
                              (--whole-archive)
zephyr/libzephyr.a(configs.c.obj)
                              (--whole-archive)
zephyr/libzephyr.a(log_core.c.obj)
                              (--whole-archive)
zephyr/libzephyr.a(log_mgmt.c.obj)
                              (--whole-archive)
zephyr/libzephyr.a(log_cache.c.obj)
                              (--whole-archive)
zephyr/libzephyr.a(log_msg.c.obj)
                              (--whole-archive)
zephyr/libzephyr.a(log_output.c.obj)
                              (--whole-archive)
zephyr/libzephyr.a(log_cmds.c.obj)
                              (--whole-archive)
zephyr/libzephyr.a(log_backend_native_posix.c.obj)
                              (--whole-archive)
zephyr/libzephyr.a(tracing_none.c.obj)
                              (--whole-archive)
zephyr/libzephyr.a(kernel_shell.c.obj)
                              (--whole-archive)
zephyr/libzephyr.a(cycles.c.obj)
                              (--whole-archive)
zephyr/libzephyr.a(sleep.c.obj)
                              (--whole-archive)
zephyr/libzephyr.a(uptime.c.obj)
                              (--whole-archive)
zephyr/libzephyr.a(version.c.obj)
                              (--whole-archive)
zephyr/libzephyr.a(log-level.c.obj)
                              (--whole-archive)
zephyr/libzephyr.a(thread.c.obj)
                              (--whole-archive)
zephyr/libzephyr.a(list.c.obj)
                              (--whole-archive)
zephyr/libzephyr.a(stacks.c.obj)
                              (--whole-archive)
zephyr/libzephyr.a(suspend.c.obj)
                              (--whole-archive)
zephyr/libzephyr.a(resume.c.obj)
                              (--whole-archive)
zephyr/libzephyr.a(kill.c.obj)
                              (--whole-archive)
zephyr/libzephyr.a(device_service.c.obj)
                              (--whole-archive)
zephyr/libzephyr.a(date_service.c.obj)
                              (--whole-archive)
zephyr/libzephyr.a(devmem_service.c.obj)
                              (--whole-archive)
zephyr/libzephyr.a(shell_uart.c.obj)
                              (--whole-archive)
zephyr/libzephyr.a(shell.c.obj)
                              (--whole-archive)
zephyr/libzephyr.a(shell_fprintf.c.obj)
                              (--whole-archive)
zephyr/libzephyr.a(shell_utils.c.obj)
                              (--whole-archive)
zephyr/libzephyr.a(shell_ops.c.obj)
                              (--whole-archive)
zephyr/libzephyr.a(shell_log_backend.c.obj)
                              (--whole-archive)
zephyr/libzephyr.a(shell_help.c.obj)
                              (--whole-archive)
zephyr/libzephyr.a(shell_cmds.c.obj)
                              (--whole-archive)
zephyr/libzephyr.a(shell_history.c.obj)
[...]
Memory Configuration

Name             Origin             Length             Attributes
*default*        0x00000000         0xffffffff

Linker script and memory map


.interp
 *(SORT_BY_ALIGNMENT(.interp))

.note.gnu.build-id
 *(SORT_BY_ALIGNMENT(.note.gnu.build-id))

.hash
 *(SORT_BY_ALIGNMENT(.hash))

.gnu.hash
 *(SORT_BY_ALIGNMENT(.gnu.hash))

.dynsym
 *(SORT_BY_ALIGNMENT(.dynsym))

.dynstr
 *(SORT_BY_ALIGNMENT(.dynstr))

.gnu.version
 *(SORT_BY_ALIGNMENT(.gnu.version))

.gnu.version_d
 *(SORT_BY_ALIGNMENT(.gnu.version_d))

.gnu.version_r
 *(SORT_BY_ALIGNMENT(.gnu.version_r))

.rel.init
 *(SORT_BY_ALIGNMENT(.rel.init))

.rel.text
 *(SORT_BY_ALIGNMENT(.rel.text))

.rel.fini
 *(SORT_BY_ALIGNMENT(.rel.fini))

.rel.rodata
 *(SORT_BY_ALIGNMENT(.rel.rodata))

.rel.data.rel.ro
 *(SORT_BY_ALIGNMENT(.rel.data.rel.ro))

.rel.data
 *(SORT_BY_ALIGNMENT(.rel.data))

.rel.tdata
 *(SORT_BY_ALIGNMENT(.rel.tdata))

.rel.tbss
 *(SORT_BY_ALIGNMENT(.rel.tbss))

.rel.ctors
 *(SORT_BY_ALIGNMENT(.rel.ctors))

.rel.dtors
 *(SORT_BY_ALIGNMENT(.rel.dtors))

.rel.got
 *(SORT_BY_ALIGNMENT(.rel.got))

.rel.bss
 *(SORT_BY_ALIGNMENT(.rel.bss))

.rel.ifunc
 *(SORT_BY_ALIGNMENT(.rel.ifunc))

.rel.plt
 *(SORT_BY_ALIGNMENT(.rel.plt))

.relr.dyn
 *(SORT_BY_ALIGNMENT(.relr.dyn))

.init
 *(SORT_NONE(.init))

.plt
 *(SORT_BY_ALIGNMENT(.plt))

.plt.got
 *(SORT_BY_ALIGNMENT(.plt.got))

.plt.sec
 *(SORT_BY_ALIGNMENT(.plt.sec))

.text           0x00000000      0x645
 *(SORT_BY_ALIGNMENT(.text) SORT_BY_ALIGNMENT(.stub))
 .text          0x00000000      0x152 /usr/lib/gcc/x86_64-linux-gnu/13/32/libgcc.a(_divdi3.o)
                0x00000000                __divdi3
 *fill*         0x00000152        0xe 
 .text          0x00000160      0x1e7 /usr/lib/gcc/x86_64-linux-gnu/13/32/libgcc.a(_divmoddi4.o)
                0x00000160                __divmoddi4
 *fill*         0x00000347        0x9 
 .text          0x00000350      0x122 /usr/lib/gcc/x86_64-linux-gnu/13/32/libgcc.a(_udivdi3.o)
                0x00000350                __udivdi3
 *fill*         0x00000472        0xe 
 .text          0x00000480      0x1c5 /usr/lib/gcc/x86_64-linux-gnu/13/32/libgcc.a(_udivmoddi4.o)
                0x00000480                __udivmoddi4
 *(SORT_BY_ALIGNMENT(.gnu.warning))

.text._OffsetAbsSyms
                0x00000000        0x1
 .text._OffsetAbsSyms
                0x00000000        0x1 zephyr/CMakeFiles/offsets.dir/./arch/posix/core/offsets/offsets.c.obj
                0x00000000                _OffsetAbsSyms

.text.rc_norm_centered
                0x00000000       0x2e
 .text.rc_norm_centered
                0x00000000       0x2e app/libapp.a(main.c.obj)

.text.pid_step  0x00000000       0xab
 .text.pid_step
                0x00000000       0xab app/libapp.a(main.c.obj)

.text.motor_test_snapshot
                0x00000000       0x36
 .text.motor_test_snapshot
                0x00000000       0x36 app/libapp.a(main.c.obj)

.text.motor_output_write_all
                0x00000000       0xe3
 .text.motor_output_write_all
                0x00000000       0xe3 app/libapp.a(main.c.obj)

.text.cmd_fc_rc
                0x00000000       0x63
 .text.cmd_fc_rc
                0x00000000       0x63 app/libapp.a(main.c.obj)

.text.cmd_fc_gyro
                0x00000000       0xa6
 .text.cmd_fc_gyro
                0x00000000       0xa6 app/libapp.a(main.c.obj)

.text.cmd_fc_status
                0x00000000       0xe8
 .text.cmd_fc_status
                0x00000000       0xe8 app/libapp.a(main.c.obj)

.text.z_log_msg_runtime_create.constprop.0
                0x00000000       0xbc
 .text.z_log_msg_runtime_create.constprop.0
                0x00000000       0x27 app/libapp.a(main.c.obj)
 .text.z_log_msg_runtime_create.constprop.0
                0x00000027       0x27 app/libapp.a(sitl_udp_coordinator.c.obj)
 .text.z_log_msg_runtime_create.constprop.0
                0x0000004e       0x24 zephyr/libzephyr.a(log_msg.c.obj)
 .text.z_log_msg_runtime_create.constprop.0
                0x00000072       0x26 zephyr/libzephyr.a(shell_uart.c.obj)
 .text.z_log_msg_runtime_create.constprop.0
                0x00000098       0x24 zephyr/kernel/libkernel.a(fatal.c.obj)

.text.ready_or_log
                0x00000000       0x48
 .text.ready_or_log
                0x00000000       0x48 app/libapp.a(main.c.obj)

.text.k_sleep.constprop.0.isra.0
                0x00000000       0x12
 .text.k_sleep.constprop.0.isra.0
                0x00000000       0x12 app/libapp.a(main.c.obj)

.text.atomic_set.isra.0
                0x00000000        0x3
 .text.atomic_set.isra.0
                0x00000000        0x3 app/libapp.a(main.c.obj)

.text.motor_raw_test_clear
                0x00000000       0x35
 .text.motor_raw_test_clear
                0x00000000       0x35 app/libapp.a(main.c.obj)

.text.motor_test_clear
                0x00000000       0x4f
 .text.motor_test_clear
                0x00000000       0x4f app/libapp.a(main.c.obj)

.text.motor_output_ready
                0x00000000       0x15
 .text.motor_output_ready
                0x00000000       0x15 app/libapp.a(main.c.obj)

.text.cmd_motor_stop
                0x00000000       0x63
 .text.cmd_motor_stop
                0x00000000       0x63 app/libapp.a(main.c.obj)

.text.cmd_motor_raw_all
                0x00000000       0xfb
 .text.cmd_motor_raw_all
                0x00000000       0xfb app/libapp.a(main.c.obj)

.text.cmd_motor_raw
                0x00000000      0x123
 .text.cmd_motor_raw
                0x00000000      0x123 app/libapp.a(main.c.obj)

.text.cmd_motor_spin
                0x00000000      0x135
 .text.cmd_motor_spin
                0x00000000      0x135 app/libapp.a(main.c.obj)

.text.motor_raw_test_snapshot
                0x00000000       0x38
 .text.motor_raw_test_snapshot
                0x00000000       0x38 app/libapp.a(main.c.obj)

.text.cmd_motor_status
                0x00000000      0x12a
 .text.cmd_motor_status
                0x00000000      0x12a app/libapp.a(main.c.obj)

.text.main      0x00000000      0x841
 .text.main     0x00000000      0x841 app/libapp.a(main.c.obj)
                0x00000000                main

.text.rc_input_cb
                0x00000000       0xa6
 .text.rc_input_cb
                0x00000000       0xa6 app/libapp.a(rc_input.c.obj)

.text.cerebri2_rc_input_init
                0x00000000       0x73
 .text.cerebri2_rc_input_init
                0x00000000       0x73 app/libapp.a(rc_input.c.obj)
                0x00000000                cerebri2_rc_input_init

.text.cerebri2_rc_input_snapshot
                0x00000000       0x33
 .text.cerebri2_rc_input_snapshot
                0x00000000       0x33 app/libapp.a(rc_input.c.obj)
                0x00000000                cerebri2_rc_input_snapshot

.text.cerebri2_rc_input_link_quality_get
                0x00000000        0x6
 .text.cerebri2_rc_input_link_quality_get
                0x00000000        0x6 app/libapp.a(rc_input.c.obj)
                0x00000000                cerebri2_rc_input_link_quality_get

.text.put_le32  0x00000000        0x3
 .text.put_le32
                0x00000000        0x3 app/libapp.a(topic_flatbuffer.c.obj)

.text.get_le32  0x00000000        0x6
 .text.get_le32
                0x00000000        0x3 app/libapp.a(topic_flatbuffer.c.obj)
 .text.get_le32
                0x00000003        0x3 app/libapp.a(sitl_flatbuffer.c.obj)

.text.pack_vec3f
                0x00000000       0x22
 .text.pack_vec3f
                0x00000000       0x22 app/libapp.a(topic_flatbuffer.c.obj)

.text.unpack_vec3f
                0x00000000       0x40
 .text.unpack_vec3f
                0x00000000       0x20 app/libapp.a(topic_flatbuffer.c.obj)
 .text.unpack_vec3f
                0x00000020       0x20 app/libapp.a(sitl_flatbuffer.c.obj)

.text.pack_rate_triplet
                0x00000000       0x2b
 .text.pack_rate_triplet
                0x00000000       0x2b app/libapp.a(topic_flatbuffer.c.obj)

.text.unpack_rate_triplet
                0x00000000       0x27
 .text.unpack_rate_triplet
                0x00000000       0x27 app/libapp.a(topic_flatbuffer.c.obj)

.text.cerebri2_topic_fb_pack_flight_snapshot
                0x00000000      0x116
 .text.cerebri2_topic_fb_pack_flight_snapshot
                0x00000000      0x116 app/libapp.a(topic_flatbuffer.c.obj)
                0x00000000                cerebri2_topic_fb_pack_flight_snapshot

.text.cerebri2_topic_fb_unpack_flight_snapshot
                0x00000000      0x169
 .text.cerebri2_topic_fb_unpack_flight_snapshot
                0x00000000      0x169 app/libapp.a(topic_flatbuffer.c.obj)
                0x00000000                cerebri2_topic_fb_unpack_flight_snapshot

.text.cerebri2_topic_fb_pack_motor_output
                0x00000000       0x97
 .text.cerebri2_topic_fb_pack_motor_output
                0x00000000       0x97 app/libapp.a(topic_flatbuffer.c.obj)
                0x00000000                cerebri2_topic_fb_pack_motor_output

.text.cerebri2_topic_fb_unpack_motor_output
                0x00000000       0xcf
 .text.cerebri2_topic_fb_unpack_motor_output
                0x00000000       0xcf app/libapp.a(topic_flatbuffer.c.obj)
                0x00000000                cerebri2_topic_fb_unpack_motor_output

.text.cmd_topic_list
                0x00000000       0x60
 .text.cmd_topic_list
                0x00000000       0x60 app/libapp.a(topic_shell.c.obj)

.text.atomic_get
                0x00000000        0x3
 .text.atomic_get
                0x00000000        0x3 app/libapp.a(topic_shell.c.obj)

.text.k_uptime_get
                0x00000000       0x19
 .text.k_uptime_get
                0x00000000       0x19 app/libapp.a(topic_shell.c.obj)

.text.parse_u32_arg
                0x00000000       0x66
 .text.parse_u32_arg
                0x00000000       0x66 app/libapp.a(topic_shell.c.obj)

.text.topic_dynamic_get
                0x00000000       0x2a
 .text.topic_dynamic_get
                0x00000000       0x2a app/libapp.a(topic_shell.c.obj)

.text.motor_output_store_snapshot
                0x00000000       0xae
 .text.motor_output_store_snapshot
                0x00000000       0xae app/libapp.a(topic_shell.c.obj)

.text.flight_snapshot_store_snapshot
                0x00000000       0xce
 .text.flight_snapshot_store_snapshot
                0x00000000       0xce app/libapp.a(topic_shell.c.obj)

.text.topic_parse
                0x00000000      0x20d
 .text.topic_parse
                0x00000000      0x20d app/libapp.a(topic_shell.c.obj)

.text.topic_watch_start
                0x00000000       0x89
 .text.topic_watch_start
                0x00000000       0x89 app/libapp.a(topic_shell.c.obj)

.text.cmd_topic_hz
                0x00000000       0xce
 .text.cmd_topic_hz
                0x00000000       0xce app/libapp.a(topic_shell.c.obj)

.text.atomic_inc.isra.0
                0x00000000        0x4
 .text.atomic_inc.isra.0
                0x00000000        0x4 app/libapp.a(topic_shell.c.obj)

.text.cmd_topic_stop
                0x00000000       0x6f
 .text.cmd_topic_stop
                0x00000000       0x6f app/libapp.a(topic_shell.c.obj)

.text.cmd_topic_echo
                0x00000000       0xce
 .text.cmd_topic_echo
                0x00000000       0xce app/libapp.a(topic_shell.c.obj)

.text.cerebri2_topic_rc_published
                0x00000000        0xa
 .text.cerebri2_topic_rc_published
                0x00000000        0xa app/libapp.a(topic_shell.c.obj)
                0x00000000                cerebri2_topic_rc_published

.text.cerebri2_topic_motor_output_update
                0x00000000       0x99
 .text.cerebri2_topic_motor_output_update
                0x00000000       0x99 app/libapp.a(topic_shell.c.obj)
                0x00000000                cerebri2_topic_motor_output_update

.text.cerebri2_topic_motor_output_get
                0x00000000       0x8d
 .text.cerebri2_topic_motor_output_get
                0x00000000       0x8d app/libapp.a(topic_shell.c.obj)
                0x00000000                cerebri2_topic_motor_output_get

.text.topic_watch_thread
                0x00000000      0x529
 .text.topic_watch_thread
                0x00000000      0x529 app/libapp.a(topic_shell.c.obj)

.text.cerebri2_topic_motor_output_snapshot
                0x00000000       0x35
 .text.cerebri2_topic_motor_output_snapshot
                0x00000000       0x35 app/libapp.a(topic_shell.c.obj)
                0x00000000                cerebri2_topic_motor_output_snapshot

.text.cerebri2_topic_motor_output_generation
                0x00000000        0xa
 .text.cerebri2_topic_motor_output_generation
                0x00000000        0xa app/libapp.a(topic_shell.c.obj)
                0x00000000                cerebri2_topic_motor_output_generation

.text.cerebri2_topic_flight_snapshot_update
                0x00000000       0x7f
 .text.cerebri2_topic_flight_snapshot_update
                0x00000000       0x7f app/libapp.a(topic_shell.c.obj)
                0x00000000                cerebri2_topic_flight_snapshot_update

.text.cerebri2_topic_flight_snapshot_get
                0x00000000       0x35
 .text.cerebri2_topic_flight_snapshot_get
                0x00000000       0x35 app/libapp.a(topic_shell.c.obj)
                0x00000000                cerebri2_topic_flight_snapshot_get

.text.cerebri2_topic_flight_snapshot_generation
                0x00000000        0xa
 .text.cerebri2_topic_flight_snapshot_generation
                0x00000000        0xa app/libapp.a(topic_shell.c.obj)
                0x00000000                cerebri2_topic_flight_snapshot_generation

.text.nxp_flexio_dshot_data_set
                0x00000000       0x2b
 .text.nxp_flexio_dshot_data_set
                0x00000000       0x2b app/libapp.a(nxp_flexio_dshot_api.c.obj)
                0x00000000                nxp_flexio_dshot_data_set

.text.nxp_flexio_dshot_trigger
                0x00000000       0x19
 .text.nxp_flexio_dshot_trigger
                0x00000000       0x19 app/libapp.a(nxp_flexio_dshot_api.c.obj)
                0x00000000                nxp_flexio_dshot_trigger

.text.nxp_flexio_dshot_channel_count
                0x00000000       0x1b
 .text.nxp_flexio_dshot_channel_count
                0x00000000       0x1b app/libapp.a(nxp_flexio_dshot_api.c.obj)
                0x00000000                nxp_flexio_dshot_channel_count

.text.sim_input_read_field_offset
                0x00000000       0x74
 .text.sim_input_read_field_offset
                0x00000000       0x74 app/libapp.a(sitl_flatbuffer.c.obj)

.text.cerebri2_sitl_fb_unpack_input
                0x00000000      0x270
 .text.cerebri2_sitl_fb_unpack_input
                0x00000000      0x270 app/libapp.a(sitl_flatbuffer.c.obj)
                0x00000000                cerebri2_sitl_fb_unpack_input

.text.sitl_dshot_init
                0x00000000        0x3
 .text.sitl_dshot_init
                0x00000000        0x3 app/libapp.a(sitl_dshot.c.obj)

.text.sitl_dshot_data_set
                0x00000000        0x1
 .text.sitl_dshot_data_set
                0x00000000        0x1 app/libapp.a(sitl_dshot.c.obj)

.text.sitl_dshot_trigger
                0x00000000        0x1
 .text.sitl_dshot_trigger
                0x00000000        0x1 app/libapp.a(sitl_dshot.c.obj)

.text.sitl_dshot_channel_count
                0x00000000        0xd
 .text.sitl_dshot_channel_count
                0x00000000        0xd app/libapp.a(sitl_dshot.c.obj)

.text.sitl_dshot_sample_fetch
                0x00000000        0x3
 .text.sitl_dshot_sample_fetch
                0x00000000        0x3 app/libapp.a(sitl_dshot.c.obj)

.text.sitl_dshot_channel_get
                0x00000000       0x34
 .text.sitl_dshot_channel_get
                0x00000000       0x34 app/libapp.a(sitl_dshot.c.obj)

.text.sitl_imu_init
                0x00000000        0x3
 .text.sitl_imu_init
                0x00000000        0x3 app/libapp.a(sitl_imu.c.obj)

.text.sitl_imu_sample_fetch
                0x00000000       0xc9
 .text.sitl_imu_sample_fetch
                0x00000000       0xc9 app/libapp.a(sitl_imu.c.obj)

.text.sitl_imu_channel_get
                0x00000000       0xd9
 .text.sitl_imu_channel_get
                0x00000000       0xd9 app/libapp.a(sitl_imu.c.obj)

.text.sitl_rc_init
                0x00000000        0x3
 .text.sitl_rc_init
                0x00000000        0x3 app/libapp.a(sitl_rc.c.obj)

.text.sitl_send_flight_snapshot_if_updated
                0x00000000       0xa1
 .text.sitl_send_flight_snapshot_if_updated
                0x00000000       0xa1 app/libapp.a(sitl_udp_coordinator.c.obj)

.text.sitl_socket_init
                0x00000000       0xde
 .text.sitl_socket_init
                0x00000000       0xde app/libapp.a(sitl_udp_coordinator.c.obj)

.text.sitl_destination_init
                0x00000000       0x49
 .text.sitl_destination_init
                0x00000000       0x49 app/libapp.a(sitl_udp_coordinator.c.obj)

.text.sitl_udp_init
                0x00000000      0x186
 .text.sitl_udp_init
                0x00000000      0x186 app/libapp.a(sitl_udp_coordinator.c.obj)

.text.sitl_rx_drain
                0x00000000      0x18f
 .text.sitl_rx_drain
                0x00000000      0x18f app/libapp.a(sitl_udp_coordinator.c.obj)

.text.sitl_transport_thread
                0x00000000       0x98
 .text.sitl_transport_thread
                0x00000000       0x98 app/libapp.a(sitl_udp_coordinator.c.obj)

.text.cerebri2_sitl_udp_latest_input_get
                0x00000000       0x6c
 .text.cerebri2_sitl_udp_latest_input_get
                0x00000000       0x6c app/libapp.a(sitl_udp_coordinator.c.obj)
                0x00000000                cerebri2_sitl_udp_latest_input_get

.text.chunk_size
                0x00000000        0x8
 .text.chunk_size
                0x00000000        0x8 zephyr/libzephyr.a(heap.c.obj)

.text.set_chunk_used
                0x00000000       0x22
 .text.set_chunk_used
                0x00000000       0x22 zephyr/libzephyr.a(heap.c.obj)

.text.free_list_add
                0x00000000       0x72
 .text.free_list_add
                0x00000000       0x72 zephyr/libzephyr.a(heap.c.obj)

.text.free_list_remove_bidx
                0x00000000       0x44
 .text.free_list_remove_bidx
                0x00000000       0x44 zephyr/libzephyr.a(heap.c.obj)

.text.free_list_remove
                0x00000000       0x19
 .text.free_list_remove
                0x00000000       0x19 zephyr/libzephyr.a(heap.c.obj)

.text.alloc_chunk
                0x00000000       0x85
 .text.alloc_chunk
                0x00000000       0x85 zephyr/libzephyr.a(heap.c.obj)

.text.merge_chunks
                0x00000000       0x3c
 .text.merge_chunks
                0x00000000       0x3c zephyr/libzephyr.a(heap.c.obj)

.text.split_chunks
                0x00000000       0x47
 .text.split_chunks
                0x00000000       0x47 zephyr/libzephyr.a(heap.c.obj)

.text.free_chunk
                0x00000000       0x72
 .text.free_chunk
                0x00000000       0x72 zephyr/libzephyr.a(heap.c.obj)

.text.sys_heap_free
                0x00000000       0xf2
 .text.sys_heap_free
                0x00000000       0xf2 zephyr/libzephyr.a(heap.c.obj)
                0x00000000                sys_heap_free

.text.sys_heap_alloc
                0x00000000       0x7b
 .text.sys_heap_alloc
                0x00000000       0x7b zephyr/libzephyr.a(heap.c.obj)
                0x00000000                sys_heap_alloc

.text.sys_heap_noalign_alloc
                0x00000000        0xf
 .text.sys_heap_noalign_alloc
                0x00000000        0xf zephyr/libzephyr.a(heap.c.obj)
                0x00000000                sys_heap_noalign_alloc

.text.sys_heap_init
                0x00000000      0x1e5
 .text.sys_heap_init
                0x00000000      0x1e5 zephyr/libzephyr.a(heap.c.obj)
                0x00000000                sys_heap_init

.text.cbvprintf_package
                0x00000000      0x55b
 .text.cbvprintf_package
                0x00000000      0x55b zephyr/libzephyr.a(cbprintf_packaged.c.obj)
                0x00000000                cbvprintf_package

.text.cbpprintf_external
                0x00000000       0x93
 .text.cbpprintf_external
                0x00000000       0x93 zephyr/libzephyr.a(cbprintf_packaged.c.obj)
                0x00000000                cbpprintf_external

.text.timespec_is_valid.part.0
                0x00000000       0x4a
 .text.timespec_is_valid.part.0
                0x00000000       0x4a zephyr/libzephyr.a(clock.c.obj)

.text.timespec_is_valid
                0x00000000       0x1a
 .text.timespec_is_valid
                0x00000000       0x1a zephyr/libzephyr.a(clock.c.obj)

.text.timespec_add
                0x00000000       0xf1
 .text.timespec_add
                0x00000000       0xf1 zephyr/libzephyr.a(clock.c.obj)

.text.timespec_negate.isra.0
                0x00000000       0x79
 .text.timespec_negate.isra.0
                0x00000000       0x79 zephyr/libzephyr.a(clock.c.obj)

.text.z_impl_sys_clock_getrtoffset
                0x00000000      0x16f
 .text.z_impl_sys_clock_getrtoffset
                0x00000000      0x16f zephyr/libzephyr.a(clock.c.obj)
                0x00000000                z_impl_sys_clock_getrtoffset

.text.sys_clock_gettime
                0x00000000      0x104
 .text.sys_clock_gettime
                0x00000000      0x104 zephyr/libzephyr.a(clock.c.obj)
                0x00000000                sys_clock_gettime

.text.z_impl_sys_clock_settime
                0x00000000      0x174
 .text.z_impl_sys_clock_settime
                0x00000000      0x174 zephyr/libzephyr.a(clock.c.obj)
                0x00000000                z_impl_sys_clock_settime

.text.arch_printk_char_out
                0x00000000        0x3
 .text.arch_printk_char_out
                0x00000000        0x3 zephyr/libzephyr.a(printk.c.obj)
                0x00000000                arch_printk_char_out

.text.char_out  0x00000000       0x7c
 .text.char_out
                0x00000000        0x6 zephyr/libzephyr.a(printk.c.obj)
 .text.char_out
                0x00000006       0x76 zephyr/libzephyr.a(log_backend_native_posix.c.obj)

.text.__printk_hook_install
                0x00000000        0xd
 .text.__printk_hook_install
                0x00000000        0xd zephyr/libzephyr.a(printk.c.obj)
                0x00000000                __printk_hook_install

.text.vprintk   0x00000000       0x1f
 .text.vprintk  0x00000000       0x1f zephyr/libzephyr.a(printk.c.obj)
                0x00000000                vprintk

.text.printk    0x00000000       0x17
 .text.printk   0x00000000       0x17 zephyr/libzephyr.a(printk.c.obj)
                0x00000000                printk

.text.z_thread_entry
                0x00000000       0x88
 .text.z_thread_entry
                0x00000000       0x88 zephyr/libzephyr.a(thread_entry.c.obj)
                0x00000000                z_thread_entry

.text._ldiv5    0x00000000       0x5d
 .text._ldiv5   0x00000000       0x5d zephyr/libzephyr.a(cbprintf_complete.c.obj)

.text._get_digit
                0x00000000       0x36
 .text._get_digit
                0x00000000       0x36 zephyr/libzephyr.a(cbprintf_complete.c.obj)

.text.outs      0x00000000       0x4f
 .text.outs     0x00000000       0x4f zephyr/libzephyr.a(cbprintf_complete.c.obj)

.text.extract_decimal
                0x00000000       0x37
 .text.extract_decimal
                0x00000000       0x37 zephyr/libzephyr.a(cbprintf_complete.c.obj)

.text.encode_uint
                0x00000000       0xd7
 .text.encode_uint
                0x00000000       0xd7 zephyr/libzephyr.a(cbprintf_complete.c.obj)

.text.z_cbvprintf_impl
                0x00000000      0xf48
 .text.z_cbvprintf_impl
                0x00000000      0xf48 zephyr/libzephyr.a(cbprintf_complete.c.obj)
                0x00000000                z_cbvprintf_impl

.text.assert_print
                0x00000000       0x17
 .text.assert_print
                0x00000000       0x17 zephyr/libzephyr.a(assert.c.obj)
                0x00000000                assert_print

.text.assert_post_action
                0x00000000       0x2c
 .text.assert_post_action
                0x00000000       0x2c zephyr/libzephyr.a(assert.c.obj)
                0x00000000                assert_post_action

.text.mpsc_pbuf_init
                0x00000000       0x9d
 .text.mpsc_pbuf_init
                0x00000000       0x9d zephyr/libzephyr.a(mpsc_pbuf.c.obj)
                0x00000000                mpsc_pbuf_init

.text.timeutil_timegm64
                0x00000000      0x12e
 .text.timeutil_timegm64
                0x00000000      0x12e zephyr/libzephyr.a(timeutil.c.obj)
                0x00000000                timeutil_timegm64

.text.timeutil_timegm
                0x00000000       0x47
 .text.timeutil_timegm
                0x00000000       0x47 zephyr/libzephyr.a(timeutil.c.obj)
                0x00000000                timeutil_timegm

.text.timespec_normalize
                0x00000000      0x106
 .text.timespec_normalize
                0x00000000      0x106 zephyr/libzephyr.a(timeutil.c.obj)
                0x00000000                timespec_normalize

.text.ring_buf_area_claim
                0x00000000       0x40
 .text.ring_buf_area_claim
                0x00000000       0x40 zephyr/libzephyr.a(ring_buffer.c.obj)
                0x00000000                ring_buf_area_claim

.text.ring_buf_put_claim
                0x00000000       0x32
 .text.ring_buf_put_claim
                0x00000000       0x32 zephyr/libzephyr.a(ring_buffer.c.obj)

.text.ring_buf_get_claim
                0x00000000       0x2b
 .text.ring_buf_get_claim
                0x00000000       0x2b zephyr/libzephyr.a(ring_buffer.c.obj)

.text.ring_buf_area_finish
                0x00000000       0x4e
 .text.ring_buf_area_finish
                0x00000000       0x4e zephyr/libzephyr.a(ring_buffer.c.obj)
                0x00000000                ring_buf_area_finish

.text.ring_buf_put
                0x00000000       0xab
 .text.ring_buf_put
                0x00000000       0xab zephyr/libzephyr.a(ring_buffer.c.obj)
                0x00000000                ring_buf_put

.text.ring_buf_get
                0x00000000       0xbc
 .text.ring_buf_get
                0x00000000       0xbc zephyr/libzephyr.a(ring_buffer.c.obj)
                0x00000000                ring_buf_get

.text._ConfigAbsSyms
                0x00000000        0x1
 .text._ConfigAbsSyms
                0x00000000        0x1 zephyr/libzephyr.a(configs.c.obj)
                0x00000000                _ConfigAbsSyms

.text.dummy_timestamp
                0x00000000        0x3
 .text.dummy_timestamp
                0x00000000        0x3 zephyr/libzephyr.a(log_core.c.obj)

.text.default_get_timestamp
                0x00000000        0x5
 .text.default_get_timestamp
                0x00000000        0x5 zephyr/libzephyr.a(log_core.c.obj)

.text.z_log_init.isra.0
                0x00000000      0x1c4
 .text.z_log_init.isra.0
                0x00000000      0x1c4 zephyr/libzephyr.a(log_core.c.obj)

.text.enable_logger
                0x00000000       0x13
 .text.enable_logger
                0x00000000       0x13 zephyr/libzephyr.a(log_core.c.obj)

.text.log_format_func_t_get
                0x00000000        0xf
 .text.log_format_func_t_get
                0x00000000        0xf zephyr/libzephyr.a(log_core.c.obj)
                0x00000000                log_format_func_t_get

.text.log_set_timestamp_func
                0x00000000       0x2a
 .text.log_set_timestamp_func
                0x00000000       0x2a zephyr/libzephyr.a(log_core.c.obj)
                0x00000000                log_set_timestamp_func

.text.log_core_init
                0x00000000       0xa9
 .text.log_core_init
                0x00000000       0xa9 zephyr/libzephyr.a(log_core.c.obj)
                0x00000000                log_core_init

.text.z_impl_log_panic
                0x00000000       0xa4
 .text.z_impl_log_panic
                0x00000000       0xa4 zephyr/libzephyr.a(log_core.c.obj)
                0x00000000                z_impl_log_panic

.text.z_log_notify_backend_enabled
                0x00000000        0x1
 .text.z_log_notify_backend_enabled
                0x00000000        0x1 zephyr/libzephyr.a(log_core.c.obj)
                0x00000000                z_log_notify_backend_enabled

.text.z_log_dropped
                0x00000000       0x1a
 .text.z_log_dropped
                0x00000000       0x1a zephyr/libzephyr.a(log_core.c.obj)
                0x00000000                z_log_dropped

.text.z_log_msg_commit
                0x00000000       0xe1
 .text.z_log_msg_commit
                0x00000000       0xe1 zephyr/libzephyr.a(log_core.c.obj)
                0x00000000                z_log_msg_commit

.text.z_log_get_tag
                0x00000000        0x3
 .text.z_log_get_tag
                0x00000000        0x3 zephyr/libzephyr.a(log_core.c.obj)
                0x00000000                z_log_get_tag

.text.log_backend_id_get
                0x00000000       0x55
 .text.log_backend_id_get
                0x00000000       0x55 zephyr/libzephyr.a(log_mgmt.c.obj)

.text.filter_get.isra.0
                0x00000000       0x85
 .text.filter_get.isra.0
                0x00000000       0x85 zephyr/libzephyr.a(log_mgmt.c.obj)

.text.log_src_cnt_get
                0x00000000        0xe
 .text.log_src_cnt_get
                0x00000000        0xe zephyr/libzephyr.a(log_mgmt.c.obj)
                0x00000000                log_src_cnt_get

.text.log_source_name_get
                0x00000000       0x24
 .text.log_source_name_get
                0x00000000       0x24 zephyr/libzephyr.a(log_mgmt.c.obj)
                0x00000000                log_source_name_get

.text.z_log_runtime_filters_init
                0x00000000       0x3e
 .text.z_log_runtime_filters_init
                0x00000000       0x3e zephyr/libzephyr.a(log_mgmt.c.obj)
                0x00000000                z_log_runtime_filters_init

.text.log_source_id_get
                0x00000000       0x45
 .text.log_source_id_get
                0x00000000       0x45 zephyr/libzephyr.a(log_mgmt.c.obj)
                0x00000000                log_source_id_get

.text.filter_set
                0x00000000      0x11a
 .text.filter_set
                0x00000000      0x11a zephyr/libzephyr.a(log_mgmt.c.obj)
                0x00000000                filter_set

.text.z_impl_log_filter_set
                0x00000000       0x41
 .text.z_impl_log_filter_set
                0x00000000       0x41 zephyr/libzephyr.a(log_mgmt.c.obj)
                0x00000000                z_impl_log_filter_set

.text.backend_filter_set
                0x00000000       0x43
 .text.backend_filter_set
                0x00000000       0x43 zephyr/libzephyr.a(log_mgmt.c.obj)

.text.log_backend_enable
                0x00000000       0x2f
 .text.log_backend_enable
                0x00000000       0x2f zephyr/libzephyr.a(log_mgmt.c.obj)
                0x00000000                log_backend_enable

.text.log_backend_disable
                0x00000000       0x6e
 .text.log_backend_disable
                0x00000000       0x6e zephyr/libzephyr.a(log_mgmt.c.obj)
                0x00000000                log_backend_disable

.text.log_filter_get
                0x00000000       0x32
 .text.log_filter_get
                0x00000000       0x32 zephyr/libzephyr.a(log_mgmt.c.obj)
                0x00000000                log_filter_get

.text.z_log_msg_finalize
                0x00000000       0x5a
 .text.z_log_msg_finalize
                0x00000000       0x5a zephyr/libzephyr.a(log_msg.c.obj)
                0x00000000                z_log_msg_finalize

.text.z_log_msg_runtime_vcreate
                0x00000000      0x1b9
 .text.z_log_msg_runtime_vcreate
                0x00000000      0x1b9 zephyr/libzephyr.a(log_msg.c.obj)
                0x00000000                z_log_msg_runtime_vcreate

.text.log_msg_get_source_id
                0x00000000       0x20
 .text.log_msg_get_source_id
                0x00000000       0x20 zephyr/libzephyr.a(log_msg.c.obj)
                0x00000000                log_msg_get_source_id

.text.log_output_write
                0x00000000       0x2c
 .text.log_output_write
                0x00000000       0x2c zephyr/libzephyr.a(log_output.c.obj)

.text.out_func  0x00000000       0x93
 .text.out_func
                0x00000000       0x3f zephyr/libzephyr.a(log_output.c.obj)
 .text.out_func
                0x0000003f       0x54 zephyr/libzephyr.a(shell_fprintf.c.obj)

.text.cr_out_func
                0x00000000       0x32
 .text.cr_out_func
                0x00000000       0x32 zephyr/libzephyr.a(log_output.c.obj)

.text.cbvprintf
                0x00000000       0x1e
 .text.cbvprintf
                0x00000000       0x1e zephyr/libzephyr.a(log_output.c.obj)

.text.print_formatted
                0x00000000       0x1f
 .text.print_formatted
                0x00000000       0x1f zephyr/libzephyr.a(log_output.c.obj)

.text.newline_print
                0x00000000       0x2c
 .text.newline_print
                0x00000000       0x2c zephyr/libzephyr.a(log_output.c.obj)

.text.log_output_process
                0x00000000      0x382
 .text.log_output_process
                0x00000000      0x382 zephyr/libzephyr.a(log_output.c.obj)
                0x00000000                log_output_process

.text.log_output_msg_process
                0x00000000       0x94
 .text.log_output_msg_process
                0x00000000       0x94 zephyr/libzephyr.a(log_output.c.obj)
                0x00000000                log_output_msg_process

.text.log_output_timestamp_freq_set
                0x00000000       0x34
 .text.log_output_timestamp_freq_set
                0x00000000       0x34 zephyr/libzephyr.a(log_output.c.obj)
                0x00000000                log_output_timestamp_freq_set

.text.severity_lvl_get
                0x00000000       0x2a
 .text.severity_lvl_get
                0x00000000       0x2a zephyr/libzephyr.a(log_cmds.c.obj)

.text.backend_name_get
                0x00000000       0x3b
 .text.backend_name_get
                0x00000000       0x3b zephyr/libzephyr.a(log_cmds.c.obj)

.text.module_name_get
                0x00000000       0x2d
 .text.module_name_get
                0x00000000       0x2d zephyr/libzephyr.a(log_cmds.c.obj)

.text.log_backend_deactivate
                0x00000000       0x56
 .text.log_backend_deactivate
                0x00000000       0x56 zephyr/libzephyr.a(log_cmds.c.obj)

.text.log_halt  0x00000000       0x12
 .text.log_halt
                0x00000000       0x12 zephyr/libzephyr.a(log_cmds.c.obj)

.text.log_status
                0x00000000       0xd4
 .text.log_status
                0x00000000       0xd4 zephyr/libzephyr.a(log_cmds.c.obj)

.text.shell_state_precheck
                0x00000000       0x2f
 .text.shell_state_precheck
                0x00000000       0x2f zephyr/libzephyr.a(log_cmds.c.obj)

.text.shell_backend_cmd_execute
                0x00000000       0xca
 .text.shell_backend_cmd_execute
                0x00000000       0xca zephyr/libzephyr.a(log_cmds.c.obj)

.text.cmd_log_backend_status
                0x00000000       0x20
 .text.cmd_log_backend_status
                0x00000000       0x20 zephyr/libzephyr.a(log_cmds.c.obj)

.text.cmd_log_backend_halt
                0x00000000       0x19
 .text.cmd_log_backend_halt
                0x00000000       0x19 zephyr/libzephyr.a(log_cmds.c.obj)

.text.cmd_log_backend_go
                0x00000000       0x19
 .text.cmd_log_backend_go
                0x00000000       0x19 zephyr/libzephyr.a(log_cmds.c.obj)

.text.cmd_log_backend_enable
                0x00000000       0x19
 .text.cmd_log_backend_enable
                0x00000000       0x19 zephyr/libzephyr.a(log_cmds.c.obj)

.text.cmd_log_backend_disable
                0x00000000       0x19
 .text.cmd_log_backend_disable
                0x00000000       0x19 zephyr/libzephyr.a(log_cmds.c.obj)

.text.log_backend_is_ready
                0x00000000       0x66
 .text.log_backend_is_ready
                0x00000000       0x66 zephyr/libzephyr.a(log_cmds.c.obj)

.text.cmd_log_backends_list
                0x00000000       0xa4
 .text.cmd_log_backends_list
                0x00000000       0xa4 zephyr/libzephyr.a(log_cmds.c.obj)

.text.cmd_log_self_status
                0x00000000       0x35
 .text.cmd_log_self_status
                0x00000000       0x35 zephyr/libzephyr.a(log_cmds.c.obj)

.text.filters_set
                0x00000000      0x115
 .text.filters_set
                0x00000000      0x115 zephyr/libzephyr.a(log_cmds.c.obj)

.text.log_enable
                0x00000000       0x71
 .text.log_enable
                0x00000000       0x71 zephyr/libzephyr.a(log_cmds.c.obj)

.text.cmd_log_self_enable
                0x00000000       0x35
 .text.cmd_log_self_enable
                0x00000000       0x35 zephyr/libzephyr.a(log_cmds.c.obj)

.text.log_disable
                0x00000000       0x27
 .text.log_disable
                0x00000000       0x27 zephyr/libzephyr.a(log_cmds.c.obj)

.text.cmd_log_self_disable
                0x00000000       0x35
 .text.cmd_log_self_disable
                0x00000000       0x35 zephyr/libzephyr.a(log_cmds.c.obj)

.text.cmd_log_self_halt
                0x00000000       0x27
 .text.cmd_log_self_halt
                0x00000000       0x27 zephyr/libzephyr.a(log_cmds.c.obj)

.text.log_go    0x00000000       0x6e
 .text.log_go   0x00000000       0x6e zephyr/libzephyr.a(log_cmds.c.obj)

.text.cmd_log_self_go
                0x00000000       0x35
 .text.cmd_log_self_go
                0x00000000       0x35 zephyr/libzephyr.a(log_cmds.c.obj)

.text.format_set
                0x00000000        0xf
 .text.format_set
                0x00000000        0xf zephyr/libzephyr.a(log_backend_native_posix.c.obj)

.text.process   0x00000000       0xa9
 .text.process  0x00000000       0x25 zephyr/libzephyr.a(log_backend_native_posix.c.obj)
 .text.process  0x00000025       0x84 zephyr/libzephyr.a(shell_log_backend.c.obj)

.text.panic     0x00000000       0x40
 .text.panic    0x00000000       0x3f zephyr/libzephyr.a(log_backend_native_posix.c.obj)
 .text.panic    0x0000003f        0x1 zephyr/libzephyr.a(shell_log_backend.c.obj)

.text.sys_trace_isr_enter
                0x00000000        0x1
 .text.sys_trace_isr_enter
                0x00000000        0x1 zephyr/libzephyr.a(tracing_none.c.obj)
                0x00000000                sys_trace_isr_enter

.text.sys_trace_isr_exit
                0x00000000        0x1
 .text.sys_trace_isr_exit
                0x00000000        0x1 zephyr/libzephyr.a(tracing_none.c.obj)
                0x00000000                sys_trace_isr_exit

.text.sys_trace_idle
                0x00000000        0x1
 .text.sys_trace_idle
                0x00000000        0x1 zephyr/libzephyr.a(tracing_none.c.obj)
                0x00000000                sys_trace_idle

.text.cmd_kernel_cycles
                0x00000000       0x21
 .text.cmd_kernel_cycles
                0x00000000       0x21 zephyr/libzephyr.a(cycles.c.obj)

.text.cmd_kernel_sleep
                0x00000000       0x8a
 .text.cmd_kernel_sleep
                0x00000000       0x8a zephyr/libzephyr.a(sleep.c.obj)

.text.cmd_kernel_uptime
                0x00000000      0x121
 .text.cmd_kernel_uptime
                0x00000000      0x121 zephyr/libzephyr.a(uptime.c.obj)

.text.cmd_kernel_version
                0x00000000       0x1f
 .text.cmd_kernel_version
                0x00000000       0x1f zephyr/libzephyr.a(version.c.obj)

.text.cmd_kernel_log_level_set
                0x00000000       0xde
 .text.cmd_kernel_log_level_set
                0x00000000       0xde zephyr/libzephyr.a(log-level.c.obj)

.text.thread_valid_cb
                0x00000000       0x13
 .text.thread_valid_cb
                0x00000000       0x13 zephyr/libzephyr.a(thread.c.obj)

.text.z_thread_is_valid
                0x00000000       0x40
 .text.z_thread_is_valid
                0x00000000       0x40 zephyr/libzephyr.a(thread.c.obj)
                0x00000000                z_thread_is_valid

.text.cmd_kernel_thread_list
                0x00000000       0x3e
 .text.cmd_kernel_thread_list
                0x00000000       0x3e zephyr/libzephyr.a(list.c.obj)

.text.shell_tdata_dump
                0x00000000      0x15e
 .text.shell_tdata_dump
                0x00000000      0x15e zephyr/libzephyr.a(list.c.obj)

.text.shell_stack_dump
                0x00000000       0xa5
 .text.shell_stack_dump
                0x00000000       0xa5 zephyr/libzephyr.a(stacks.c.obj)

.text.cmd_kernel_thread_stacks
                0x00000000       0xe1
 .text.cmd_kernel_thread_stacks
                0x00000000       0xe1 zephyr/libzephyr.a(stacks.c.obj)

.text.cmd_kernel_thread_suspend
                0x00000000       0xcf
 .text.cmd_kernel_thread_suspend
                0x00000000       0xcf zephyr/libzephyr.a(suspend.c.obj)

.text.cmd_kernel_thread_resume
                0x00000000       0xcf
 .text.cmd_kernel_thread_resume
                0x00000000       0xcf zephyr/libzephyr.a(resume.c.obj)

.text.cmd_kernel_thread_kill
                0x00000000       0xcf
 .text.cmd_kernel_thread_kill
                0x00000000       0xcf zephyr/libzephyr.a(kill.c.obj)

.text.device_name_lookup
                0x00000000       0x35
 .text.device_name_lookup
                0x00000000       0x35 zephyr/libzephyr.a(device_service.c.obj)

.text.device_name_get_non_ready
                0x00000000       0x35
 .text.device_name_get_non_ready
                0x00000000       0x35 zephyr/libzephyr.a(device_service.c.obj)

.text.cmd_device_init
                0x00000000       0x9c
 .text.cmd_device_init
                0x00000000       0x9c zephyr/libzephyr.a(device_service.c.obj)

.text.cmd_device_list
                0x00000000      0x145
 .text.cmd_device_list
                0x00000000      0x145 zephyr/libzephyr.a(device_service.c.obj)

.text.date_print
                0x00000000       0x31
 .text.date_print
                0x00000000       0x31 zephyr/libzephyr.a(date_service.c.obj)

.text.cmd_date_get
                0x00000000       0x55
 .text.cmd_date_get
                0x00000000       0x55 zephyr/libzephyr.a(date_service.c.obj)

.text.get_h_m_s
                0x00000000       0xe1
 .text.get_h_m_s
                0x00000000       0xe1 zephyr/libzephyr.a(date_service.c.obj)

.text.cmd_date_set
                0x00000000      0x182
 .text.cmd_date_set
                0x00000000      0x182 zephyr/libzephyr.a(date_service.c.obj)

.text.cmd_devmem
                0x00000000       0xf6
 .text.cmd_devmem
                0x00000000       0xf6 zephyr/libzephyr.a(devmem_service.c.obj)

.text.cmd_dump  0x00000000      0x209
 .text.cmd_dump
                0x00000000      0x209 zephyr/libzephyr.a(devmem_service.c.obj)

.text.set_bypass.isra.0
                0x00000000       0x5b
 .text.set_bypass.isra.0
                0x00000000       0x5b zephyr/libzephyr.a(devmem_service.c.obj)

.text.bypass_cb
                0x00000000      0x15a
 .text.bypass_cb
                0x00000000      0x15a zephyr/libzephyr.a(devmem_service.c.obj)

.text.cmd_load  0x00000000       0xef
 .text.cmd_load
                0x00000000       0xef zephyr/libzephyr.a(devmem_service.c.obj)

.text.log_msg_generic_get_wlen
                0x00000000       0x2f
 .text.log_msg_generic_get_wlen
                0x00000000       0x2f zephyr/libzephyr.a(shell_uart.c.obj)

.text.enable    0x00000000       0x13
 .text.enable   0x00000000       0x13 zephyr/libzephyr.a(shell_uart.c.obj)

.text.write_uart
                0x00000000       0x4f
 .text.write_uart
                0x00000000       0x4f zephyr/libzephyr.a(shell_uart.c.obj)

.text.read_uart
                0x00000000       0x27
 .text.read_uart
                0x00000000       0x27 zephyr/libzephyr.a(shell_uart.c.obj)

.text.uninit    0x00000000       0x1c
 .text.uninit   0x00000000       0x1c zephyr/libzephyr.a(shell_uart.c.obj)

.text.polling_rx_timeout_handler
                0x00000000       0x97
 .text.polling_rx_timeout_handler
                0x00000000       0x97 zephyr/libzephyr.a(shell_uart.c.obj)

.text.init      0x00000000       0x6b
 .text.init     0x00000000       0x6b zephyr/libzephyr.a(shell_uart.c.obj)

.text.enable_shell_uart
                0x00000000       0x3d
 .text.enable_shell_uart
                0x00000000       0x3d zephyr/libzephyr.a(shell_uart.c.obj)

.text.cmd_buffer_clear
                0x00000000       0x1a
 .text.cmd_buffer_clear
                0x00000000       0x1a zephyr/libzephyr.a(shell.c.obj)

.text.atomic_or
                0x00000000       0x1b
 .text.atomic_or
                0x00000000       0x1b zephyr/libzephyr.a(shell.c.obj)

.text.atomic_and
                0x00000000       0x1b
 .text.atomic_and
                0x00000000       0x1b zephyr/libzephyr.a(shell.c.obj)

.text.z_shell_raw_fprintf
                0x00000000       0x68
 .text.z_shell_raw_fprintf
                0x00000000       0x1a zephyr/libzephyr.a(shell.c.obj)
 .text.z_shell_raw_fprintf
                0x0000001a       0x1a zephyr/libzephyr.a(shell_ops.c.obj)
 .text.z_shell_raw_fprintf
                0x00000034       0x1a zephyr/libzephyr.a(shell_help.c.obj)
 .text.z_shell_raw_fprintf
                0x0000004e       0x1a zephyr/libzephyr.a(shell_cmds.c.obj)

.text.shell_internal_help_print
                0x00000000       0x33
 .text.shell_internal_help_print
                0x00000000       0x33 zephyr/libzephyr.a(shell.c.obj)

.text.z_shell_strlen
                0x00000000       0x30
 .text.z_shell_strlen
                0x00000000       0x18 zephyr/libzephyr.a(shell.c.obj)
 .text.z_shell_strlen
                0x00000018       0x18 zephyr/libzephyr.a(shell_utils.c.obj)

.text.k_current_get
                0x00000000       0x64
 .text.k_current_get
                0x00000000       0x64 zephyr/libzephyr.a(shell.c.obj)

.text.shell_log_process
                0x00000000       0x30
 .text.shell_log_process
                0x00000000       0x30 zephyr/libzephyr.a(shell.c.obj)

.text.kill_handler
                0x00000000      0x10e
 .text.kill_handler
                0x00000000      0x10e zephyr/libzephyr.a(shell.c.obj)

.text.z_shell_unlock.isra.0
                0x00000000       0x16
 .text.z_shell_unlock.isra.0
                0x00000000       0x16 zephyr/libzephyr.a(shell.c.obj)

.text.z_shell_lock.isra.0
                0x00000000       0x1a
 .text.z_shell_lock.isra.0
                0x00000000       0x1a zephyr/libzephyr.a(shell.c.obj)

.text.z_cursor_next_line_move.isra.0
                0x00000000       0x42
 .text.z_cursor_next_line_move.isra.0
                0x00000000       0x16 zephyr/libzephyr.a(shell.c.obj)
 .text.z_cursor_next_line_move.isra.0
                0x00000016       0x16 zephyr/libzephyr.a(shell_ops.c.obj)
 .text.z_cursor_next_line_move.isra.0
                0x0000002c       0x16 zephyr/libzephyr.a(shell_help.c.obj)

.text.z_flag_print_noinit_set.isra.0
                0x00000000       0x1d
 .text.z_flag_print_noinit_set.isra.0
                0x00000000       0x1d zephyr/libzephyr.a(shell.c.obj)

.text.state_set.constprop.0
                0x00000000       0x60
 .text.state_set.constprop.0
                0x00000000       0x60 zephyr/libzephyr.a(shell.c.obj)

.text.z_flag_cmd_ctx_set.isra.0
                0x00000000       0x1d
 .text.z_flag_cmd_ctx_set.isra.0
                0x00000000       0x1d zephyr/libzephyr.a(shell.c.obj)

.text.execute   0x00000000      0x467
 .text.execute  0x00000000      0x467 zephyr/libzephyr.a(shell.c.obj)

.text.z_flag_history_exit_set.isra.0
                0x00000000       0x1d
 .text.z_flag_history_exit_set.isra.0
                0x00000000       0x1d zephyr/libzephyr.a(shell.c.obj)

.text.history_handle
                0x00000000      0x132
 .text.history_handle
                0x00000000      0x132 zephyr/libzephyr.a(shell.c.obj)

.text.z_flag_processing_set.isra.0
                0x00000000       0x1d
 .text.z_flag_processing_set.isra.0
                0x00000000       0x1d zephyr/libzephyr.a(shell.c.obj)

.text.z_flag_insert_mode_set.isra.0
                0x00000000       0x2a
 .text.z_flag_insert_mode_set.isra.0
                0x00000000       0x2a zephyr/libzephyr.a(shell.c.obj)

.text.shell_signal_handle
                0x00000000       0x4c
 .text.shell_signal_handle
                0x00000000       0x4c zephyr/libzephyr.a(shell.c.obj)

.text.z_shell_trylock.constprop.0.isra.0
                0x00000000       0x21
 .text.z_shell_trylock.constprop.0.isra.0
                0x00000000       0x21 zephyr/libzephyr.a(shell.c.obj)

.text.transport_evt_handler
                0x00000000       0x27
 .text.transport_evt_handler
                0x00000000       0x27 zephyr/libzephyr.a(shell.c.obj)

.text.shell_process
                0x00000000      0xb7d
 .text.shell_process
                0x00000000      0xb7d zephyr/libzephyr.a(shell.c.obj)
                0x00000000                shell_process

.text.shell_start
                0x00000000      0x119
 .text.shell_start
                0x00000000      0x119 zephyr/libzephyr.a(shell.c.obj)
                0x00000000                shell_start

.text.shell_thread
                0x00000000       0xd8
 .text.shell_thread
                0x00000000       0xd8 zephyr/libzephyr.a(shell.c.obj)
                0x00000000                shell_thread

.text.shell_vfprintf
                0x00000000      0x269
 .text.shell_vfprintf
                0x00000000      0x269 zephyr/libzephyr.a(shell.c.obj)
                0x00000000                shell_vfprintf

.text.shell_fprintf_impl
                0x00000000       0x1d
 .text.shell_fprintf_impl
                0x00000000       0x1d zephyr/libzephyr.a(shell.c.obj)
                0x00000000                shell_fprintf_impl

.text.shell_fprintf_info
                0x00000000       0x1c
 .text.shell_fprintf_info
                0x00000000       0x1c zephyr/libzephyr.a(shell.c.obj)
                0x00000000                shell_fprintf_info

.text.shell_fprintf_normal
                0x00000000       0x1c
 .text.shell_fprintf_normal
                0x00000000       0x1c zephyr/libzephyr.a(shell.c.obj)
                0x00000000                shell_fprintf_normal

.text.cmd_help  0x00000000       0x56
 .text.cmd_help
                0x00000000       0x56 zephyr/libzephyr.a(shell.c.obj)

.text.shell_fprintf_warn
                0x00000000       0x1c
 .text.shell_fprintf_warn
                0x00000000       0x1c zephyr/libzephyr.a(shell.c.obj)
                0x00000000                shell_fprintf_warn

.text.shell_fprintf_error
                0x00000000       0x1c
 .text.shell_fprintf_error
                0x00000000       0x1c zephyr/libzephyr.a(shell.c.obj)
                0x00000000                shell_fprintf_error

.text.shell_hexdump_line
                0x00000000      0x13e
 .text.shell_hexdump_line
                0x00000000      0x13e zephyr/libzephyr.a(shell.c.obj)
                0x00000000                shell_hexdump_line

.text.shell_prompt_change
                0x00000000       0xc5
 .text.shell_prompt_change
                0x00000000       0xc5 zephyr/libzephyr.a(shell.c.obj)
                0x00000000                shell_prompt_change

.text.shell_init
                0x00000000      0x1da
 .text.shell_init
                0x00000000      0x1da zephyr/libzephyr.a(shell.c.obj)
                0x00000000                shell_init

.text.shell_help
                0x00000000       0x31
 .text.shell_help
                0x00000000       0x31 zephyr/libzephyr.a(shell.c.obj)
                0x00000000                shell_help

.text.shell_get_return_value
                0x00000000       0x1a
 .text.shell_get_return_value
                0x00000000       0x1a zephyr/libzephyr.a(shell.c.obj)
                0x00000000                shell_get_return_value

.text.shell_set_bypass
                0x00000000       0x66
 .text.shell_set_bypass
                0x00000000       0x66 zephyr/libzephyr.a(shell.c.obj)
                0x00000000                shell_set_bypass

.text.z_shell_fprintf_buffer_flush
                0x00000000       0x26
 .text.z_shell_fprintf_buffer_flush
                0x00000000       0x26 zephyr/libzephyr.a(shell_fprintf.c.obj)
                0x00000000                z_shell_fprintf_buffer_flush

.text.z_shell_fprintf_fmt
                0x00000000       0x3a
 .text.z_shell_fprintf_fmt
                0x00000000       0x3a zephyr/libzephyr.a(shell_fprintf.c.obj)
                0x00000000                z_shell_fprintf_fmt

.text.shell_device_internal
                0x00000000       0xef
 .text.shell_device_internal
                0x00000000       0xef zephyr/libzephyr.a(shell_utils.c.obj)

.text.z_column_span_with_buffer_offsets_get
                0x00000000       0x2c
 .text.z_column_span_with_buffer_offsets_get
                0x00000000       0x2c zephyr/libzephyr.a(shell_utils.c.obj)
                0x00000000                z_column_span_with_buffer_offsets_get

.text.z_row_span_with_buffer_offsets_get
                0x00000000       0x2c
 .text.z_row_span_with_buffer_offsets_get
                0x00000000       0x2c zephyr/libzephyr.a(shell_utils.c.obj)
                0x00000000                z_row_span_with_buffer_offsets_get

.text.z_shell_multiline_data_calc
                0x00000000       0x39
 .text.z_shell_multiline_data_calc
                0x00000000       0x39 zephyr/libzephyr.a(shell_utils.c.obj)
                0x00000000                z_shell_multiline_data_calc

.text.z_shell_make_argv
                0x00000000      0x232
 .text.z_shell_make_argv
                0x00000000      0x232 zephyr/libzephyr.a(shell_utils.c.obj)
                0x00000000                z_shell_make_argv

.text.z_shell_pattern_remove
                0x00000000       0x6d
 .text.z_shell_pattern_remove
                0x00000000       0x6d zephyr/libzephyr.a(shell_utils.c.obj)
                0x00000000                z_shell_pattern_remove

.text.z_shell_cmd_get
                0x00000000       0xc0
 .text.z_shell_cmd_get
                0x00000000       0xc0 zephyr/libzephyr.a(shell_utils.c.obj)
                0x00000000                z_shell_cmd_get

.text.z_shell_find_cmd
                0x00000000       0x7f
 .text.z_shell_find_cmd
                0x00000000       0x7f zephyr/libzephyr.a(shell_utils.c.obj)
                0x00000000                z_shell_find_cmd

.text.z_shell_get_last_command
                0x00000000       0x77
 .text.z_shell_get_last_command
                0x00000000       0x77 zephyr/libzephyr.a(shell_utils.c.obj)
                0x00000000                z_shell_get_last_command

.text.z_shell_spaces_trim
                0x00000000       0x8c
 .text.z_shell_spaces_trim
                0x00000000       0x8c zephyr/libzephyr.a(shell_utils.c.obj)
                0x00000000                z_shell_spaces_trim

.text.z_shell_cmd_trim
                0x00000000       0xa9
 .text.z_shell_cmd_trim
                0x00000000       0xa9 zephyr/libzephyr.a(shell_utils.c.obj)
                0x00000000                z_shell_cmd_trim

.text.shell_device_lookup_all
                0x00000000       0x16
 .text.shell_device_lookup_all
                0x00000000       0x16 zephyr/libzephyr.a(shell_utils.c.obj)
                0x00000000                shell_device_lookup_all

.text.shell_device_lookup_non_ready
                0x00000000       0x18
 .text.shell_device_lookup_non_ready
                0x00000000       0x18 zephyr/libzephyr.a(shell_utils.c.obj)
                0x00000000                shell_device_lookup_non_ready

.text.shell_device_get_binding_all
                0x00000000       0xf5
 .text.shell_device_get_binding_all
                0x00000000       0xf5 zephyr/libzephyr.a(shell_utils.c.obj)
                0x00000000                shell_device_get_binding_all

.text.shell_strtoul
                0x00000000       0x7d
 .text.shell_strtoul
                0x00000000       0x7d zephyr/libzephyr.a(shell_utils.c.obj)
                0x00000000                shell_strtoul

.text.z_clear_eos
                0x00000000       0x27
 .text.z_clear_eos
                0x00000000       0x27 zephyr/libzephyr.a(shell_ops.c.obj)

.text.full_line_cmd.isra.0
                0x00000000       0x35
 .text.full_line_cmd.isra.0
                0x00000000       0x35 zephyr/libzephyr.a(shell_ops.c.obj)

.text.z_shell_op_cursor_vert_move
                0x00000000       0x47
 .text.z_shell_op_cursor_vert_move
                0x00000000       0x47 zephyr/libzephyr.a(shell_ops.c.obj)
                0x00000000                z_shell_op_cursor_vert_move

.text.z_shell_op_cursor_horiz_move
                0x00000000       0x47
 .text.z_shell_op_cursor_horiz_move
                0x00000000       0x47 zephyr/libzephyr.a(shell_ops.c.obj)
                0x00000000                z_shell_op_cursor_horiz_move

.text.z_shell_cursor_in_empty_line
                0x00000000       0x46
 .text.z_shell_cursor_in_empty_line
                0x00000000       0x46 zephyr/libzephyr.a(shell_ops.c.obj)
                0x00000000                z_shell_cursor_in_empty_line

.text.z_shell_op_cond_next_line
                0x00000000       0x34
 .text.z_shell_op_cond_next_line
                0x00000000       0x34 zephyr/libzephyr.a(shell_ops.c.obj)
                0x00000000                z_shell_op_cond_next_line

.text.z_shell_op_cursor_position_synchronize
                0x00000000       0x80
 .text.z_shell_op_cursor_position_synchronize
                0x00000000       0x80 zephyr/libzephyr.a(shell_ops.c.obj)
                0x00000000                z_shell_op_cursor_position_synchronize

.text.z_shell_op_cursor_move
                0x00000000       0x88
 .text.z_shell_op_cursor_move
                0x00000000       0x88 zephyr/libzephyr.a(shell_ops.c.obj)
                0x00000000                z_shell_op_cursor_move

.text.z_shell_op_cursor_word_move
                0x00000000       0xac
 .text.z_shell_op_cursor_word_move
                0x00000000       0xac zephyr/libzephyr.a(shell_ops.c.obj)
                0x00000000                z_shell_op_cursor_word_move

.text.z_shell_op_cursor_home_move
                0x00000000       0x1f
 .text.z_shell_op_cursor_home_move
                0x00000000       0x1f zephyr/libzephyr.a(shell_ops.c.obj)
                0x00000000                z_shell_op_cursor_home_move

.text.z_shell_op_cursor_end_move
                0x00000000       0x20
 .text.z_shell_op_cursor_end_move
                0x00000000       0x20 zephyr/libzephyr.a(shell_ops.c.obj)
                0x00000000                z_shell_op_cursor_end_move

.text.z_shell_op_left_arrow
                0x00000000       0x22
 .text.z_shell_op_left_arrow
                0x00000000       0x22 zephyr/libzephyr.a(shell_ops.c.obj)
                0x00000000                z_shell_op_left_arrow

.text.z_shell_op_right_arrow
                0x00000000       0x24
 .text.z_shell_op_right_arrow
                0x00000000       0x24 zephyr/libzephyr.a(shell_ops.c.obj)
                0x00000000                z_shell_op_right_arrow

.text.z_shell_op_delete_from_cursor
                0x00000000       0x23
 .text.z_shell_op_delete_from_cursor
                0x00000000       0x23 zephyr/libzephyr.a(shell_ops.c.obj)
                0x00000000                z_shell_op_delete_from_cursor

.text.z_shell_cmd_line_erase
                0x00000000       0x56
 .text.z_shell_cmd_line_erase
                0x00000000       0x56 zephyr/libzephyr.a(shell_ops.c.obj)
                0x00000000                z_shell_cmd_line_erase

.text.z_shell_print_cmd
                0x00000000       0x9b
 .text.z_shell_print_cmd
                0x00000000       0x9b zephyr/libzephyr.a(shell_ops.c.obj)
                0x00000000                z_shell_print_cmd

.text.z_shell_write
                0x00000000      0x185
 .text.z_shell_write
                0x00000000      0x185 zephyr/libzephyr.a(shell_ops.c.obj)
                0x00000000                z_shell_write

.text.z_shell_print_stream
                0x00000000        0x5
 .text.z_shell_print_stream
                0x00000000        0x5 zephyr/libzephyr.a(shell_ops.c.obj)
                0x00000000                z_shell_print_stream

.text.z_shell_vt100_color_set
                0x00000000       0x62
 .text.z_shell_vt100_color_set
                0x00000000       0x62 zephyr/libzephyr.a(shell_ops.c.obj)
                0x00000000                z_shell_vt100_color_set

.text.z_shell_vt100_colors_restore
                0x00000000       0x52
 .text.z_shell_vt100_colors_restore
                0x00000000       0x52 zephyr/libzephyr.a(shell_ops.c.obj)
                0x00000000                z_shell_vt100_colors_restore

.text.z_shell_vfprintf
                0x00000000       0x9f
 .text.z_shell_vfprintf
                0x00000000       0x9f zephyr/libzephyr.a(shell_ops.c.obj)
                0x00000000                z_shell_vfprintf

.text.z_shell_fprintf
                0x00000000      0x173
 .text.z_shell_fprintf
                0x00000000      0x173 zephyr/libzephyr.a(shell_ops.c.obj)
                0x00000000                z_shell_fprintf

.text.z_shell_op_word_remove
                0x00000000       0xe9
 .text.z_shell_op_word_remove
                0x00000000       0xe9 zephyr/libzephyr.a(shell_ops.c.obj)
                0x00000000                z_shell_op_word_remove

.text.reprint_from_cursor
                0x00000000      0x13a
 .text.reprint_from_cursor
                0x00000000      0x13a zephyr/libzephyr.a(shell_ops.c.obj)

.text.data_insert
                0x00000000       0xa0
 .text.data_insert
                0x00000000       0xa0 zephyr/libzephyr.a(shell_ops.c.obj)

.text.z_shell_op_char_insert
                0x00000000       0x9c
 .text.z_shell_op_char_insert
                0x00000000       0x9c zephyr/libzephyr.a(shell_ops.c.obj)
                0x00000000                z_shell_op_char_insert

.text.z_shell_op_completion_insert
                0x00000000       0x13
 .text.z_shell_op_completion_insert
                0x00000000       0x13 zephyr/libzephyr.a(shell_ops.c.obj)
                0x00000000                z_shell_op_completion_insert

.text.z_shell_op_char_delete
                0x00000000       0x53
 .text.z_shell_op_char_delete
                0x00000000       0x53 zephyr/libzephyr.a(shell_ops.c.obj)
                0x00000000                z_shell_op_char_delete

.text.z_shell_op_char_backspace
                0x00000000       0x37
 .text.z_shell_op_char_backspace
                0x00000000       0x37 zephyr/libzephyr.a(shell_ops.c.obj)
                0x00000000                z_shell_op_char_backspace

.text.z_shell_print_prompt_and_cmd
                0x00000000       0x45
 .text.z_shell_print_prompt_and_cmd
                0x00000000       0x45 zephyr/libzephyr.a(shell_ops.c.obj)
                0x00000000                z_shell_print_prompt_and_cmd

.text.z_shell_backend_rx_buffer_flush
                0x00000000       0xa3
 .text.z_shell_backend_rx_buffer_flush
                0x00000000       0xa3 zephyr/libzephyr.a(shell_ops.c.obj)
                0x00000000                z_shell_backend_rx_buffer_flush

.text.process_log_msg
                0x00000000       0xd5
 .text.process_log_msg
                0x00000000       0xd5 zephyr/libzephyr.a(shell_log_backend.c.obj)

.text.dropped   0x00000000       0x1f
 .text.dropped  0x00000000       0x1f zephyr/libzephyr.a(shell_log_backend.c.obj)

.text.z_shell_log_backend_output_func
                0x00000000       0x1c
 .text.z_shell_log_backend_output_func
                0x00000000       0x1c zephyr/libzephyr.a(shell_log_backend.c.obj)
                0x00000000                z_shell_log_backend_output_func

.text.z_shell_log_backend_enable
                0x00000000       0x6c
 .text.z_shell_log_backend_enable
                0x00000000       0x6c zephyr/libzephyr.a(shell_log_backend.c.obj)
                0x00000000                z_shell_log_backend_enable

.text.z_shell_log_backend_disable
                0x00000000       0x23
 .text.z_shell_log_backend_disable
                0x00000000       0x23 zephyr/libzephyr.a(shell_log_backend.c.obj)
                0x00000000                z_shell_log_backend_disable

.text.formatted_text_print.constprop.0
                0x00000000      0x151
 .text.formatted_text_print.constprop.0
                0x00000000      0x151 zephyr/libzephyr.a(shell_help.c.obj)

.text.formatted_structured_help_print
                0x00000000       0x62
 .text.formatted_structured_help_print
                0x00000000       0x62 zephyr/libzephyr.a(shell_help.c.obj)

.text.z_shell_help_subcmd_print
                0x00000000      0x181
 .text.z_shell_help_subcmd_print
                0x00000000      0x181 zephyr/libzephyr.a(shell_help.c.obj)
                0x00000000                z_shell_help_subcmd_print

.text.z_shell_help_cmd_print
                0x00000000       0x81
 .text.z_shell_help_cmd_print
                0x00000000       0x81 zephyr/libzephyr.a(shell_help.c.obj)
                0x00000000                z_shell_help_cmd_print

.text.z_shell_help_request
                0x00000000       0x3a
 .text.z_shell_help_request
                0x00000000       0x3a zephyr/libzephyr.a(shell_help.c.obj)
                0x00000000                z_shell_help_request

.text.cmd_comment
                0x00000000        0x3
 .text.cmd_comment
                0x00000000        0x3 zephyr/libzephyr.a(shell_cmds.c.obj)

.text.cmd_shell_stats_reset
                0x00000000       0x11
 .text.cmd_shell_stats_reset
                0x00000000       0x11 zephyr/libzephyr.a(shell_cmds.c.obj)

.text.cmd_resize_default
                0x00000000       0x40
 .text.cmd_resize_default
                0x00000000       0x40 zephyr/libzephyr.a(shell_cmds.c.obj)

.text.cmd_shell_stats_show
                0x00000000       0x20
 .text.cmd_shell_stats_show
                0x00000000       0x20 zephyr/libzephyr.a(shell_cmds.c.obj)

.text.cmd_prompt_on
                0x00000000       0x18
 .text.cmd_prompt_on
                0x00000000       0x18 zephyr/libzephyr.a(shell_cmds.c.obj)

.text.cmd_prompt_off
                0x00000000       0x1a
 .text.cmd_prompt_off
                0x00000000       0x1a zephyr/libzephyr.a(shell_cmds.c.obj)

.text.cmd_history
                0x00000000       0x75
 .text.cmd_history
                0x00000000       0x75 zephyr/libzephyr.a(shell_cmds.c.obj)

.text.cmd_get_retval
                0x00000000       0x29
 .text.cmd_get_retval
                0x00000000       0x29 zephyr/libzephyr.a(shell_cmds.c.obj)

.text.cmd_echo  0x00000000       0x61
 .text.cmd_echo
                0x00000000       0x61 zephyr/libzephyr.a(shell_cmds.c.obj)

.text.cmd_backends
                0x00000000       0xa8
 .text.cmd_backends
                0x00000000       0xa8 zephyr/libzephyr.a(shell_cmds.c.obj)

.text.cmd_clear
                0x00000000       0x4d
 .text.cmd_clear
                0x00000000       0x4d zephyr/libzephyr.a(shell_cmds.c.obj)

.text.z_flag_mode_delete_set.isra.0
                0x00000000       0x16
 .text.z_flag_mode_delete_set.isra.0
                0x00000000       0x16 zephyr/libzephyr.a(shell_cmds.c.obj)

.text.cmd_bacskpace_mode_backspace
                0x00000000       0x17
 .text.cmd_bacskpace_mode_backspace
                0x00000000       0x17 zephyr/libzephyr.a(shell_cmds.c.obj)

.text.cmd_bacskpace_mode_delete
                0x00000000       0x1a
 .text.cmd_bacskpace_mode_delete
                0x00000000       0x1a zephyr/libzephyr.a(shell_cmds.c.obj)

.text.cmd_resize
                0x00000000      0x241
 .text.cmd_resize
                0x00000000      0x241 zephyr/libzephyr.a(shell_cmds.c.obj)

.text.z_flag_use_colors_set.isra.0
                0x00000000       0x16
 .text.z_flag_use_colors_set.isra.0
                0x00000000       0x16 zephyr/libzephyr.a(shell_cmds.c.obj)

.text.cmd_colors_off
                0x00000000       0x17
 .text.cmd_colors_off
                0x00000000       0x17 zephyr/libzephyr.a(shell_cmds.c.obj)

.text.cmd_colors_on
                0x00000000       0x1a
 .text.cmd_colors_on
                0x00000000       0x1a zephyr/libzephyr.a(shell_cmds.c.obj)

.text.z_flag_use_vt100_set.isra.0
                0x00000000       0x16
 .text.z_flag_use_vt100_set.isra.0
                0x00000000       0x16 zephyr/libzephyr.a(shell_cmds.c.obj)

.text.cmd_vt100_off
                0x00000000       0x17
 .text.cmd_vt100_off
                0x00000000       0x17 zephyr/libzephyr.a(shell_cmds.c.obj)

.text.cmd_vt100_on
                0x00000000       0x1a
 .text.cmd_vt100_on
                0x00000000       0x1a zephyr/libzephyr.a(shell_cmds.c.obj)

.text.z_flag_echo_set.isra.0
                0x00000000       0x16
 .text.z_flag_echo_set.isra.0
                0x00000000       0x16 zephyr/libzephyr.a(shell_cmds.c.obj)

.text.cmd_echo_off
                0x00000000       0x17
 .text.cmd_echo_off
                0x00000000       0x17 zephyr/libzephyr.a(shell_cmds.c.obj)

.text.cmd_echo_on
                0x00000000       0x1a
 .text.cmd_echo_on
                0x00000000       0x1a zephyr/libzephyr.a(shell_cmds.c.obj)

.text.z_shell_history_mode_exit
                0x00000000        0xd
 .text.z_shell_history_mode_exit
                0x00000000        0xd zephyr/libzephyr.a(shell_history.c.obj)
                0x00000000                z_shell_history_mode_exit

.text.z_shell_history_get
                0x00000000       0x70
 .text.z_shell_history_get
                0x00000000       0x70 zephyr/libzephyr.a(shell_history.c.obj)
                0x00000000                z_shell_history_get

.text.z_shell_history_put
                0x00000000       0xc2
 .text.z_shell_history_put
                0x00000000       0xc2 zephyr/libzephyr.a(shell_history.c.obj)
                0x00000000                z_shell_history_put

.text.z_shell_history_purge
                0x00000000       0x3d
 .text.z_shell_history_purge
                0x00000000       0x3d zephyr/libzephyr.a(shell_history.c.obj)
                0x00000000                z_shell_history_purge

.text.z_shell_has_wildcard
                0x00000000       0x42
 .text.z_shell_has_wildcard
                0x00000000       0x42 zephyr/libzephyr.a(shell_wildcard.c.obj)
                0x00000000                z_shell_has_wildcard

.text.z_shell_wildcard_prepare
                0x00000000       0x63
 .text.z_shell_wildcard_prepare
                0x00000000       0x63 zephyr/libzephyr.a(shell_wildcard.c.obj)
                0x00000000                z_shell_wildcard_prepare

.text.z_shell_wildcard_process
                0x00000000      0x197
 .text.z_shell_wildcard_process
                0x00000000      0x197 zephyr/libzephyr.a(shell_wildcard.c.obj)
                0x00000000                z_shell_wildcard_process

.text.z_shell_wildcard_finalize
                0x00000000       0x2a
 .text.z_shell_wildcard_finalize
                0x00000000       0x2a zephyr/libzephyr.a(shell_wildcard.c.obj)
                0x00000000                z_shell_wildcard_finalize

.text.arch_cpu_idle
                0x00000000       0x16
 .text.arch_cpu_idle
                0x00000000       0x16 zephyr/arch/arch/posix/core/libarch__posix__core.a(cpuhalt.c.obj)
                0x00000000                arch_cpu_idle

.text.arch_system_halt
                0x00000000       0x27
 .text.arch_system_halt
                0x00000000       0x27 zephyr/arch/arch/posix/core/libarch__posix__core.a(fatal.c.obj)
                0x00000000                arch_system_halt

.text.arch_irq_enable
                0x00000000        0x5
 .text.arch_irq_enable
                0x00000000        0x5 zephyr/arch/arch/posix/core/libarch__posix__core.a(irq.c.obj)
                0x00000000                arch_irq_enable

.text.arch_swap
                0x00000000       0x50
 .text.arch_swap
                0x00000000       0x50 zephyr/arch/arch/posix/core/libarch__posix__core.a(swap.c.obj)
                0x00000000                arch_swap

.text.arch_switch_to_main_thread
                0x00000000       0x1c
 .text.arch_switch_to_main_thread
                0x00000000       0x1c zephyr/arch/arch/posix/core/libarch__posix__core.a(swap.c.obj)
                0x00000000                arch_switch_to_main_thread

.text.arch_new_thread
                0x00000000       0x41
 .text.arch_new_thread
                0x00000000       0x41 zephyr/arch/arch/posix/core/libarch__posix__core.a(thread.c.obj)
                0x00000000                arch_new_thread

.text.arch_thread_name_set
                0x00000000       0x66
 .text.arch_thread_name_set
                0x00000000       0x66 zephyr/arch/arch/posix/core/libarch__posix__core.a(thread.c.obj)
                0x00000000                arch_thread_name_set

.text.posix_arch_thread_entry
                0x00000000       0x1d
 .text.posix_arch_thread_entry
                0x00000000       0x1d zephyr/arch/arch/posix/core/libarch__posix__core.a(thread.c.obj)
                0x00000000                posix_arch_thread_entry

.text.arch_coprocessors_disable
                0x00000000        0x6
 .text.arch_coprocessors_disable
                0x00000000        0x6 zephyr/arch/arch/posix/core/libarch__posix__core.a(thread.c.obj)
                0x00000000                arch_coprocessors_disable

.text.z_impl_k_thread_abort
                0x00000000       0x84
 .text.z_impl_k_thread_abort
                0x00000000       0x84 zephyr/arch/arch/posix/core/libarch__posix__core.a(thread.c.obj)
                0x00000000                z_impl_k_thread_abort

.text.posix_arch_init
                0x00000000       0x1a
 .text.posix_arch_init
                0x00000000       0x1a zephyr/arch/arch/posix/core/libarch__posix__core.a(posix_core_nsi.c.obj)
                0x00000000                posix_arch_init

.text.posix_arch_clean_up
                0x00000000       0x16
 .text.posix_arch_clean_up
                0x00000000       0x16 zephyr/arch/arch/posix/core/libarch__posix__core.a(posix_core_nsi.c.obj)
                0x00000000                posix_arch_clean_up

.text.posix_swap
                0x00000000       0x17
 .text.posix_swap
                0x00000000       0x17 zephyr/arch/arch/posix/core/libarch__posix__core.a(posix_core_nsi.c.obj)
                0x00000000                posix_swap

.text.posix_main_thread_start
                0x00000000       0x19
 .text.posix_main_thread_start
                0x00000000       0x19 zephyr/arch/arch/posix/core/libarch__posix__core.a(posix_core_nsi.c.obj)
                0x00000000                posix_main_thread_start

.text.posix_new_thread
                0x00000000       0x19
 .text.posix_new_thread
                0x00000000       0x19 zephyr/arch/arch/posix/core/libarch__posix__core.a(posix_core_nsi.c.obj)
                0x00000000                posix_new_thread

.text.posix_abort_thread
                0x00000000       0x19
 .text.posix_abort_thread
                0x00000000       0x19 zephyr/arch/arch/posix/core/libarch__posix__core.a(posix_core_nsi.c.obj)
                0x00000000                posix_abort_thread

.text.posix_arch_thread_name_set
                0x00000000       0x1c
 .text.posix_arch_thread_name_set
                0x00000000       0x1c zephyr/arch/arch/posix/core/libarch__posix__core.a(posix_core_nsi.c.obj)
                0x00000000                posix_arch_thread_name_set

.text.posix_is_cpu_running
                0x00000000       0x16
 .text.posix_is_cpu_running
                0x00000000       0x16 zephyr/soc/soc/native/libsoc__native__inf_clock.a(soc.c.obj)
                0x00000000                posix_is_cpu_running

.text.posix_interrupt_raised
                0x00000000       0x16
 .text.posix_interrupt_raised
                0x00000000       0x16 zephyr/soc/soc/native/libsoc__native__inf_clock.a(soc.c.obj)
                0x00000000                posix_interrupt_raised

.text.posix_halt_cpu
                0x00000000       0x1a
 .text.posix_halt_cpu
                0x00000000       0x1a zephyr/soc/soc/native/libsoc__native__inf_clock.a(soc.c.obj)
                0x00000000                posix_halt_cpu

.text.posix_boot_cpu
                0x00000000       0x2c
 .text.posix_boot_cpu
                0x00000000       0x2c zephyr/soc/soc/native/libsoc__native__inf_clock.a(soc.c.obj)
                0x00000000                posix_boot_cpu

.text.posix_soc_clean_up
                0x00000000       0x28
 .text.posix_soc_clean_up
                0x00000000       0x28 zephyr/soc/soc/native/libsoc__native__inf_clock.a(soc.c.obj)
                0x00000000                posix_soc_clean_up

.text.run_native_tasks
                0x00000000       0x29
 .text.run_native_tasks
                0x00000000       0x29 zephyr/soc/soc/native/libsoc__native__inf_clock.a(native_tasks.c.obj)
                0x00000000                run_native_tasks

.text.native_add_command_line_opts
                0x00000000        0x5
 .text.native_add_command_line_opts
                0x00000000        0x5 zephyr/boards/native/native_sim/libboards__native__native_sim.a(cmdline.c.obj)
                0x00000000                native_add_command_line_opts

.text.arch_busy_wait
                0x00000000       0x40
 .text.arch_busy_wait
                0x00000000       0x40 zephyr/boards/native/native_sim/libboards__native__native_sim.a(cpu_wait.c.obj)
                0x00000000                arch_busy_wait

.text.posix_irq_handler
                0x00000000      0x124
 .text.posix_irq_handler
                0x00000000      0x124 zephyr/boards/native/native_sim/libboards__native__native_sim.a(irq_handler.c.obj)
                0x00000000                posix_irq_handler

.text.posix_irq_lock
                0x00000000       0x12
 .text.posix_irq_lock
                0x00000000       0x12 zephyr/boards/native/native_sim/libboards__native__native_sim.a(irq_handler.c.obj)
                0x00000000                posix_irq_lock

.text.posix_irq_unlock
                0x00000000        0x5
 .text.posix_irq_unlock
                0x00000000        0x5 zephyr/boards/native/native_sim/libboards__native__native_sim.a(irq_handler.c.obj)
                0x00000000                posix_irq_unlock

.text.posix_irq_full_unlock
                0x00000000       0x12
 .text.posix_irq_full_unlock
                0x00000000       0x12 zephyr/boards/native/native_sim/libboards__native__native_sim.a(irq_handler.c.obj)
                0x00000000                posix_irq_full_unlock

.text.posix_irq_enable
                0x00000000        0x5
 .text.posix_irq_enable
                0x00000000        0x5 zephyr/boards/native/native_sim/libboards__native__native_sim.a(irq_handler.c.obj)
                0x00000000                posix_irq_enable

.text.posix_isr_declare
                0x00000000       0x4c
 .text.posix_isr_declare
                0x00000000       0x4c zephyr/boards/native/native_sim/libboards__native__native_sim.a(irq_handler.c.obj)
                0x00000000                posix_isr_declare

.text.posix_irq_priority_set
                0x00000000       0x21
 .text.posix_irq_priority_set
                0x00000000       0x21 zephyr/boards/native/native_sim/libboards__native__native_sim.a(irq_handler.c.obj)
                0x00000000                posix_irq_priority_set

.text.set_realtime_default
                0x00000000       0x12
 .text.set_realtime_default
                0x00000000       0x12 zephyr/boards/native/native_sim/libboards__native__native_sim.a(misc.c.obj)

.text.posix_print_error_and_exit
                0x00000000       0x12
 .text.posix_print_error_and_exit
                0x00000000       0x12 zephyr/boards/native/native_sim/libboards__native__native_sim.a(posix_arch_if.c.obj)
                0x00000000                posix_print_error_and_exit

.text.posix_print_warning
                0x00000000       0x17
 .text.posix_print_warning
                0x00000000       0x17 zephyr/boards/native/native_sim/libboards__native__native_sim.a(posix_arch_if.c.obj)
                0x00000000                posix_print_warning

.text.posix_print_trace
                0x00000000       0x17
 .text.posix_print_trace
                0x00000000       0x17 zephyr/boards/native/native_sim/libboards__native__native_sim.a(posix_arch_if.c.obj)
                0x00000000                posix_print_trace

.text.input_report
                0x00000000       0xbc
 .text.input_report
                0x00000000       0xbc zephyr/subsys/input/libsubsys__input.a(input.c.obj)
                0x00000000                input_report

.text.posix_arch_console_init
                0x00000000       0x17
 .text.posix_arch_console_init
                0x00000000       0x17 zephyr/drivers/console/libdrivers__console.a(posix_arch_console.c.obj)

.text.print_char
                0x00000000       0x61
 .text.print_char
                0x00000000       0x61 zephyr/drivers/console/libdrivers__console.a(posix_arch_console.c.obj)

.text.uart_console_init
                0x00000000       0x32
 .text.uart_console_init
                0x00000000       0x32 zephyr/drivers/console/libdrivers__console.a(uart_console.c.obj)

.text.console_out
                0x00000000       0x3a
 .text.console_out
                0x00000000       0x3a zephyr/drivers/console/libdrivers__console.a(uart_console.c.obj)

.text.np_uart_callback_set
                0x00000000       0x19
 .text.np_uart_callback_set
                0x00000000       0x19 zephyr/drivers/serial/libdrivers__serial.a(uart_native_pty.c.obj)

.text.np_uart_rx_buf_rsp
                0x00000000        0x6
 .text.np_uart_rx_buf_rsp
                0x00000000        0x6 zephyr/drivers/serial/libdrivers__serial.a(uart_native_pty.c.obj)

.text.np_uart_irq_tx_ready
                0x00000000       0x12
 .text.np_uart_irq_tx_ready
                0x00000000       0x12 zephyr/drivers/serial/libdrivers__serial.a(uart_native_pty.c.obj)

.text.np_uart_irq_tx_complete
                0x00000000        0x6
 .text.np_uart_irq_tx_complete
                0x00000000        0x6 zephyr/drivers/serial/libdrivers__serial.a(uart_native_pty.c.obj)

.text.np_uart_irq_tx_disable
                0x00000000       0x12
 .text.np_uart_irq_tx_disable
                0x00000000       0x12 zephyr/drivers/serial/libdrivers__serial.a(uart_native_pty.c.obj)

.text.np_uart_irq_rx_disable
                0x00000000       0x12
 .text.np_uart_irq_rx_disable
                0x00000000       0x12 zephyr/drivers/serial/libdrivers__serial.a(uart_native_pty.c.obj)

.text.np_uart_irq_rx_ready
                0x00000000       0x1d
 .text.np_uart_irq_rx_ready
                0x00000000       0x1d zephyr/drivers/serial/libdrivers__serial.a(uart_native_pty.c.obj)

.text.np_uart_irq_is_pending
                0x00000000       0x29
 .text.np_uart_irq_is_pending
                0x00000000       0x29 zephyr/drivers/serial/libdrivers__serial.a(uart_native_pty.c.obj)

.text.np_uart_irq_callback_set
                0x00000000       0x1d
 .text.np_uart_irq_callback_set
                0x00000000       0x1d zephyr/drivers/serial/libdrivers__serial.a(uart_native_pty.c.obj)

.text.auto_attach_cmd_cb
                0x00000000       0x17
 .text.auto_attach_cmd_cb
                0x00000000       0x17 zephyr/drivers/serial/libdrivers__serial.a(uart_native_pty.c.obj)

.text.auto_attach_cb
                0x00000000        0x8
 .text.auto_attach_cb
                0x00000000        0x8 zephyr/drivers/serial/libdrivers__serial.a(uart_native_pty.c.obj)

.text.wait_pts_cb
                0x00000000        0x8
 .text.wait_pts_cb
                0x00000000        0x8 zephyr/drivers/serial/libdrivers__serial.a(uart_native_pty.c.obj)

.text.np_uart_read_n
                0x00000000       0x4d
 .text.np_uart_read_n
                0x00000000       0x4d zephyr/drivers/serial/libdrivers__serial.a(uart_native_pty.c.obj)

.text.np_uart_irq_read_1_ahead
                0x00000000       0x32
 .text.np_uart_irq_read_1_ahead
                0x00000000       0x32 zephyr/drivers/serial/libdrivers__serial.a(uart_native_pty.c.obj)

.text.np_uart_fifo_read
                0x00000000       0x5b
 .text.np_uart_fifo_read
                0x00000000       0x5b zephyr/drivers/serial/libdrivers__serial.a(uart_native_pty.c.obj)

.text.np_uart_poll_in
                0x00000000       0x24
 .text.np_uart_poll_in
                0x00000000       0x24 zephyr/drivers/serial/libdrivers__serial.a(uart_native_pty.c.obj)

.text.np_uart_tx_abort
                0x00000000       0x75
 .text.np_uart_tx_abort
                0x00000000       0x75 zephyr/drivers/serial/libdrivers__serial.a(uart_native_pty.c.obj)

.text.np_uart_tx
                0x00000000       0x3a
 .text.np_uart_tx
                0x00000000       0x3a zephyr/drivers/serial/libdrivers__serial.a(uart_native_pty.c.obj)

.text.np_uart_init
                0x00000000       0xb3
 .text.np_uart_init
                0x00000000       0xb3 zephyr/drivers/serial/libdrivers__serial.a(uart_native_pty.c.obj)

.text.np_uart_tx_done_work
                0x00000000       0x7c
 .text.np_uart_tx_done_work
                0x00000000       0x7c zephyr/drivers/serial/libdrivers__serial.a(uart_native_pty.c.obj)

.text.np_add_uart_options
                0x00000000       0x15
 .text.np_add_uart_options
                0x00000000       0x15 zephyr/drivers/serial/libdrivers__serial.a(uart_native_pty.c.obj)

.text.np_uart_irq_handler
                0x00000000       0x37
 .text.np_uart_irq_handler
                0x00000000       0x37 zephyr/drivers/serial/libdrivers__serial.a(uart_native_pty.c.obj)

.text.np_cleanup_uart
                0x00000000       0x2b
 .text.np_cleanup_uart
                0x00000000       0x2b zephyr/drivers/serial/libdrivers__serial.a(uart_native_pty.c.obj)

.text.np_uart_rx_disable
                0x00000000       0x32
 .text.np_uart_rx_disable
                0x00000000       0x32 zephyr/drivers/serial/libdrivers__serial.a(uart_native_pty.c.obj)

.text.np_uart_rx_enable
                0x00000000       0x51
 .text.np_uart_rx_enable
                0x00000000       0x51 zephyr/drivers/serial/libdrivers__serial.a(uart_native_pty.c.obj)

.text.np_uart_poll_out_n
                0x00000000       0x4a
 .text.np_uart_poll_out_n
                0x00000000       0x4a zephyr/drivers/serial/libdrivers__serial.a(uart_native_pty.c.obj)

.text.np_uart_fifo_fill
                0x00000000       0x15
 .text.np_uart_fifo_fill
                0x00000000       0x15 zephyr/drivers/serial/libdrivers__serial.a(uart_native_pty.c.obj)

.text.np_uart_poll_out
                0x00000000       0x21
 .text.np_uart_poll_out
                0x00000000       0x21 zephyr/drivers/serial/libdrivers__serial.a(uart_native_pty.c.obj)

.text.np_uart_irq_update
                0x00000000        0x6
 .text.np_uart_irq_update
                0x00000000        0x6 zephyr/drivers/serial/libdrivers__serial.a(uart_native_pty.c.obj)

.text.np_uart_irq_thread_start
                0x00000000       0x35
 .text.np_uart_irq_thread_start
                0x00000000       0x35 zephyr/drivers/serial/libdrivers__serial.a(uart_native_pty.c.obj)

.text.np_uart_irq_rx_enable
                0x00000000       0x50
 .text.np_uart_irq_rx_enable
                0x00000000       0x50 zephyr/drivers/serial/libdrivers__serial.a(uart_native_pty.c.obj)

.text.np_uart_irq_tx_enable
                0x00000000       0x49
 .text.np_uart_irq_tx_enable
                0x00000000       0x49 zephyr/drivers/serial/libdrivers__serial.a(uart_native_pty.c.obj)

.text.np_uart_irq_thread
                0x00000000       0x81
 .text.np_uart_irq_thread
                0x00000000       0x81 zephyr/drivers/serial/libdrivers__serial.a(uart_native_pty.c.obj)

.text.native_pty_uart_async_poll_function
                0x00000000       0x86
 .text.native_pty_uart_async_poll_function
                0x00000000       0x86 zephyr/drivers/serial/libdrivers__serial.a(uart_native_pty.c.obj)

.text.np_timer_isr
                0x00000000       0x85
 .text.np_timer_isr
                0x00000000       0x85 zephyr/drivers/timer/libdrivers__timer.a(native_sim_timer.c.obj)

.text.sys_clock_driver_init
                0x00000000       0x65
 .text.sys_clock_driver_init
                0x00000000       0x65 zephyr/drivers/timer/libdrivers__timer.a(native_sim_timer.c.obj)

.text.sys_clock_cycle_get_32
                0x00000000        0x6
 .text.sys_clock_cycle_get_32
                0x00000000        0x6 zephyr/drivers/timer/libdrivers__timer.a(native_sim_timer.c.obj)
                0x00000000                sys_clock_cycle_get_32

.text.sys_clock_set_timeout
                0x00000000       0x2b
 .text.sys_clock_set_timeout
                0x00000000       0x2b zephyr/drivers/timer/libdrivers__timer.a(native_sim_timer.c.obj)
                0x00000000                sys_clock_set_timeout

.text.sys_clock_elapsed
                0x00000000       0x35
 .text.sys_clock_elapsed
                0x00000000       0x35 zephyr/drivers/timer/libdrivers__timer.a(native_sim_timer.c.obj)
                0x00000000                sys_clock_elapsed

.text.z_impl_k_busy_wait
                0x00000000       0x11
 .text.z_impl_k_busy_wait
                0x00000000       0x11 zephyr/kernel/libkernel.a(busy_wait.c.obj)
                0x00000000                z_impl_k_busy_wait

.text.do_device_init
                0x00000000       0x93
 .text.do_device_init
                0x00000000       0x93 zephyr/kernel/libkernel.a(device.c.obj)
                0x00000000                do_device_init

.text.z_impl_device_init
                0x00000000       0x1c
 .text.z_impl_device_init
                0x00000000       0x1c zephyr/kernel/libkernel.a(device.c.obj)
                0x00000000                z_impl_device_init

.text.z_device_get_all_static
                0x00000000       0x21
 .text.z_device_get_all_static
                0x00000000       0x21 zephyr/kernel/libkernel.a(device.c.obj)
                0x00000000                z_device_get_all_static

.text.z_impl_device_is_ready
                0x00000000       0x24
 .text.z_impl_device_is_ready
                0x00000000       0x24 zephyr/kernel/libkernel.a(device.c.obj)
                0x00000000                z_impl_device_is_ready

.text.k_sys_fatal_error_handler
                0x00000000       0x3c
 .text.k_sys_fatal_error_handler
                0x00000000       0x3c zephyr/kernel/libkernel.a(fatal.c.obj)
                0x00000000                k_sys_fatal_error_handler

.text.z_fatal_error
                0x00000000      0x129
 .text.z_fatal_error
                0x00000000      0x129 zephyr/kernel/libkernel.a(fatal.c.obj)
                0x00000000                z_fatal_error

.text.z_sys_init_run_level
                0x00000000       0x40
 .text.z_sys_init_run_level
                0x00000000       0x40 zephyr/kernel/libkernel.a(init.c.obj)

.text.bg_thread_main
                0x00000000      0x16e
 .text.bg_thread_main
                0x00000000      0x16e zephyr/kernel/libkernel.a(init.c.obj)

.text.z_init_cpu
                0x00000000       0x6b
 .text.z_init_cpu
                0x00000000       0x6b zephyr/kernel/libkernel.a(init.c.obj)
                0x00000000                z_init_cpu

.text.z_cstart  0x00000000      0x111
 .text.z_cstart
                0x00000000      0x111 zephyr/kernel/libkernel.a(init.c.obj)
                0x00000000                z_cstart

.text.z_heap_alloc_helper
                0x00000000      0x20d
 .text.z_heap_alloc_helper
                0x00000000      0x20d zephyr/kernel/libkernel.a(kheap.c.obj)

.text.k_heap_init
                0x00000000       0x1a
 .text.k_heap_init
                0x00000000       0x1a zephyr/kernel/libkernel.a(kheap.c.obj)
                0x00000000                k_heap_init

.text.statics_init
                0x00000000       0x77
 .text.statics_init
                0x00000000       0x77 zephyr/kernel/libkernel.a(kheap.c.obj)

.text.k_heap_alloc
                0x00000000       0x22
 .text.k_heap_alloc
                0x00000000       0x22 zephyr/kernel/libkernel.a(kheap.c.obj)
                0x00000000                k_heap_alloc

.text.k_heap_free
                0x00000000      0x118
 .text.k_heap_free
                0x00000000      0x118 zephyr/kernel/libkernel.a(kheap.c.obj)
                0x00000000                k_heap_free

.text.idle      0x00000000       0x58
 .text.idle     0x00000000       0x58 zephyr/kernel/libkernel.a(idle.c.obj)
                0x00000000                idle

.text.unpend_thread_no_timeout
                0x00000000       0xcb
 .text.unpend_thread_no_timeout
                0x00000000       0x6b zephyr/kernel/libkernel.a(sem.c.obj)
 .text.unpend_thread_no_timeout
                0x0000006b       0x60 zephyr/kernel/libkernel.a(sched.c.obj)

.text.z_impl_k_sem_init
                0x00000000       0x2a
 .text.z_impl_k_sem_init
                0x00000000       0x2a zephyr/kernel/libkernel.a(sem.c.obj)
                0x00000000                z_impl_k_sem_init

.text.z_impl_k_sem_give
                0x00000000      0x1ae
 .text.z_impl_k_sem_give
                0x00000000      0x1ae zephyr/kernel/libkernel.a(sem.c.obj)
                0x00000000                z_impl_k_sem_give

.text.z_impl_k_sem_take
                0x00000000      0x1ad
 .text.z_impl_k_sem_take
                0x00000000      0x1ad zephyr/kernel/libkernel.a(sem.c.obj)
                0x00000000                z_impl_k_sem_take

.text.flag_test_and_clear
                0x00000000       0x16
 .text.flag_test_and_clear
                0x00000000       0x16 zephyr/kernel/libkernel.a(work.c.obj)

.text.unschedule_locked
                0x00000000       0x31
 .text.unschedule_locked
                0x00000000       0x31 zephyr/kernel/libkernel.a(work.c.obj)

.text.notify_queue_locked.isra.0
                0x00000000       0x1f
 .text.notify_queue_locked.isra.0
                0x00000000       0x1f zephyr/kernel/libkernel.a(work.c.obj)

.text.work_queue_main
                0x00000000      0x329
 .text.work_queue_main
                0x00000000      0x329 zephyr/kernel/libkernel.a(work.c.obj)

.text.cancel_async_locked
                0x00000000       0x86
 .text.cancel_async_locked
                0x00000000       0x86 zephyr/kernel/libkernel.a(work.c.obj)

.text.cancel_sync_locked